[driver] command=/scratch3/workspace/juelinliu_umass_edu-gpu-mvr/gpu-mvr/gpu-mvr/build/gpu_search_v9 --query /scratch3/workspace/juelinliu_umass_edu-gpu-mvr/gpu-mvr/dataset/msmarco/raw/query.bin --gt /scratch3/workspace/juelinliu_umass_edu-gpu-mvr/gpu-mvr/dataset/msmarco/raw/gt.tsv --index /scratch3/workspace/juelinliu_umass_edu-gpu-mvr/gpu-mvr/dataset/msmarco/gpu_mvr_2m --k 100 --nq -1 --warmup 5 --concurrent-queries 1 --config-file /scratch3/workspace/juelinliu_umass_edu-gpu-mvr/gpu-mvr/config/tmp/chimera_variant_targets/20260429T164347Z/msmarco/v9/targets090_095_slots1_runs3.csv
[driver] dataset=msmarco
[driver] system=v9
[driver] config_file=/scratch3/workspace/juelinliu_umass_edu-gpu-mvr/gpu-mvr/config/tmp/chimera_variant_targets/20260429T164347Z/msmarco/v9/targets090_095_slots1_runs3.csv
>>> Loaded 6980 queries, each with 32 embeddings of dimension 128
>>> Loaded 8841823 document lengths
[RUN] Constructing shared chimera index with 1 query slot(s) from /scratch3/workspace/juelinliu_umass_edu-gpu-mvr/gpu-mvr/dataset/msmarco/gpu_mvr_2m using max runtime config: nprobe=96 k_rank_cluster=3200 k_rank_all_tokens=320 itopk_size=160 overlap_chunks=6
FhtKacRotator is selected
FhtKacRotator is selected
max cluster size: 5402
FhtKacRotator is selected
[gpu_mvr] Using cluster-ordered layout (15937.5 MB)
[chimera] Stage1 align mode: compact_align with shifted cluster loads
max cluster size: 5402
workspace_probe_cluster_bound: 96
workspace_probe_token_bound_per_query: 337837
workspace_probe_unique_doc_bound_per_query: 289215
max_compact_docs: 8841823  (num_docs=8841823)
initial_compact_doc_capacity: 131072
preallocated_compact_doc_capacity: 327680
workspace_stage2_candidate_token_bound: 542176
workspace_stage2_topk_token_bound: 56541
Initial GPU memory required for chimera workspace: 44.9638 MB
[workspace][chimera] Growing compact doc capacity from 0 to 327680 rows (required=327680)
[CONFIG] label=r090_b2_run1 nprobe=64 k_rank_cluster=1800 k_rank_all_tokens=180 itopk_size=96 overlap_chunks=4
[CONFIG] concurrent_queries=1 effective_concurrent_queries=1 stage3_threads=32
[PROFILE] Phase A (Data Preparation) wall: 0.840444 ms, GPU total: 0.04016 ms
[PROFILE]   1. Gather doc lengths      : 0.006144 ms (CPU launch: 0.005625 ms)
[PROFILE]   2. Prefix sum offsets      : 0.012288 ms (CPU launch: 0.012241 ms)
[PROFILE]   3. Gather doc token ids    : 0.008192 ms (CPU launch: 0.005127 ms)
[PROFILE]   4. D2H metadata + sync     : 0.013536 ms (CPU launch: 0.013645 ms)
[PROFILE]   5. cudaStreamSynchronize   : 0.791728 ms
[PROFILE]   6. cudaEventElapsedTime x5 : 0.009889 ms
[PROFILE]   GPU sum accounted           : 0.04016 ms
[PROFILE] Phase B wall time: 0.090229 ms
[PROFILE] Phase C: wait_d2h=0.046 ms, topk=0.026 ms, identify=0.025 ms, prepare=0.000 ms, cpu_refine=0.430 ms, combine=0.004 ms (total=0.542 ms, 180 docs)
[PROFILE] Total wall time for Phase A + B + C: 1.47309 ms
[SEARCH] Total wall-clock time: 2.20281 ms
[workspace][chimera] Growing compact doc capacity from 327680 to 393216 rows (required=335637)
[14.2692 s] label=r090_b2_run1 GPU search time for 6980 queries.
[SEARCH] End-to-end measured time: 14269.171 ms
[SEARCH] Average latency per query: 2.044 ms
[SEARCH] Throughput: 489.166 qps
[SEARCH] Query latency distribution (ms): min=1.613, p50=1.962, p90=2.146, p95=2.223, p99=4.890, max=9.937, stddev=0.671
Recall@100: 0.917331
Recall@10: 0.963811
[CONFIG] label=r090_b2_run2 nprobe=64 k_rank_cluster=1800 k_rank_all_tokens=180 itopk_size=96 overlap_chunks=4
[CONFIG] concurrent_queries=1 effective_concurrent_queries=1 stage3_threads=32
[PROFILE] Phase A (Data Preparation) wall: 0.752182 ms, GPU total: 0.038112 ms
[PROFILE]   1. Gather doc lengths      : 0.00512 ms (CPU launch: 0.005537 ms)
[PROFILE]   2. Prefix sum offsets      : 0.011264 ms (CPU launch: 0.012148 ms)
[PROFILE]   3. Gather doc token ids    : 0.007168 ms (CPU launch: 0.004753 ms)
[PROFILE]   4. D2H metadata + sync     : 0.01456 ms (CPU launch: 0.016108 ms)
[PROFILE]   5. cudaStreamSynchronize   : 0.701627 ms
[PROFILE]   6. cudaEventElapsedTime x5 : 0.009714 ms
[PROFILE]   GPU sum accounted           : 0.038112 ms
[PROFILE] Phase B wall time: 0.090199 ms
[PROFILE] Phase C: wait_d2h=0.006 ms, topk=0.028 ms, identify=0.014 ms, prepare=0.000 ms, cpu_refine=0.263 ms, combine=0.005 ms (total=1.877 ms, 180 docs)
[PROFILE] Total wall time for Phase A + B + C: 2.71956 ms
[SEARCH] Total wall-clock time: 3.4072 ms
[13.7862 s] label=r090_b2_run2 GPU search time for 6980 queries.
[SEARCH] End-to-end measured time: 13786.239 ms
[SEARCH] Average latency per query: 1.975 ms
[SEARCH] Throughput: 506.302 qps
[SEARCH] Query latency distribution (ms): min=1.553, p50=1.925, p90=2.106, p95=2.178, p99=2.469, max=11.053, stddev=0.507
Recall@100: 0.917355
Recall@10: 0.963797
[CONFIG] label=r090_b2_run3 nprobe=64 k_rank_cluster=1800 k_rank_all_tokens=180 itopk_size=96 overlap_chunks=4
[CONFIG] concurrent_queries=1 effective_concurrent_queries=1 stage3_threads=32
[PROFILE] Phase A (Data Preparation) wall: 0.756965 ms, GPU total: 0.039904 ms
[PROFILE]   1. Gather doc lengths      : 0.006144 ms (CPU launch: 0.005812 ms)
[PROFILE]   2. Prefix sum offsets      : 0.01024 ms (CPU launch: 0.011955 ms)
[PROFILE]   3. Gather doc token ids    : 0.008192 ms (CPU launch: 0.004713 ms)
[PROFILE]   4. D2H metadata + sync     : 0.015328 ms (CPU launch: 0.014076 ms)
[PROFILE]   5. cudaStreamSynchronize   : 0.708605 ms
[PROFILE]   6. cudaEventElapsedTime x5 : 0.009643 ms
[PROFILE]   GPU sum accounted           : 0.039904 ms
[PROFILE] Phase B wall time: 0.09076 ms
[PROFILE] Phase C: wait_d2h=0.036 ms, topk=0.026 ms, identify=0.013 ms, prepare=0.000 ms, cpu_refine=0.284 ms, combine=0.005 ms (total=0.377 ms, 180 docs)
[PROFILE] Total wall time for Phase A + B + C: 1.22468 ms
[SEARCH] Total wall-clock time: 1.87499 ms
[13.6218 s] label=r090_b2_run3 GPU search time for 6980 queries.
[SEARCH] End-to-end measured time: 13621.788 ms
[SEARCH] Average latency per query: 1.951 ms
[SEARCH] Throughput: 512.414 qps
[SEARCH] Query latency distribution (ms): min=1.524, p50=1.914, p90=2.088, p95=2.159, p99=3.353, max=6.096, stddev=0.283
Recall@100: 0.917351
Recall@10: 0.963811
[CONFIG] label=r095_q2_run1 nprobe=96 k_rank_cluster=3200 k_rank_all_tokens=320 itopk_size=160 overlap_chunks=6
[CONFIG] concurrent_queries=1 effective_concurrent_queries=1 stage3_threads=32
[PROFILE] Phase A (Data Preparation) wall: 1.14221 ms, GPU total: 0.039264 ms
[PROFILE]   1. Gather doc lengths      : 0.00512 ms (CPU launch: 0.006868 ms)
[PROFILE]   2. Prefix sum offsets      : 0.011264 ms (CPU launch: 0.024742 ms)
[PROFILE]   3. Gather doc token ids    : 0.009216 ms (CPU launch: 0.00559 ms)
[PROFILE]   4. D2H metadata + sync     : 0.013664 ms (CPU launch: 0.015905 ms)
[PROFILE]   5. cudaStreamSynchronize   : 1.07547 ms
[PROFILE]   6. cudaEventElapsedTime x5 : 0.010769 ms
[PROFILE]   GPU sum accounted           : 0.039264 ms
[PROFILE] Phase B wall time: 0.16156 ms
[PROFILE] Phase C: wait_d2h=0.010 ms, topk=0.045 ms, identify=0.028 ms, prepare=0.000 ms, cpu_refine=0.379 ms, combine=0.006 ms (total=0.481 ms, 320 docs)
[PROFILE] Total wall time for Phase A + B + C: 1.78434 ms
[SEARCH] Total wall-clock time: 2.55132 ms
[workspace][chimera] Growing compact doc capacity from 393216 to 524288 rows (required=468160)
[18.9912 s] label=r095_q2_run1 GPU search time for 6980 queries.
[SEARCH] End-to-end measured time: 18991.214 ms
[SEARCH] Average latency per query: 2.720 ms
[SEARCH] Throughput: 367.538 qps
[SEARCH] Query latency distribution (ms): min=2.120, p50=2.703, p90=2.944, p95=3.029, p99=3.191, max=6.597, stddev=0.188
Recall@100: 0.951828
Recall@10: 0.965774
[CONFIG] label=r095_q2_run2 nprobe=96 k_rank_cluster=3200 k_rank_all_tokens=320 itopk_size=160 overlap_chunks=6
[CONFIG] concurrent_queries=1 effective_concurrent_queries=1 stage3_threads=32
[PROFILE] Phase A (Data Preparation) wall: 1.15332 ms, GPU total: 0.039872 ms
[PROFILE]   1. Gather doc lengths      : 0.006144 ms (CPU launch: 0.006434 ms)
[PROFILE]   2. Prefix sum offsets      : 0.01024 ms (CPU launch: 0.014275 ms)
[PROFILE]   3. Gather doc token ids    : 0.01024 ms (CPU launch: 0.016591 ms)
[PROFILE]   4. D2H metadata + sync     : 0.013248 ms (CPU launch: 0.014516 ms)
[PROFILE]   5. cudaStreamSynchronize   : 1.08855 ms
[PROFILE]   6. cudaEventElapsedTime x5 : 0.010318 ms
[PROFILE]   GPU sum accounted           : 0.039872 ms
[PROFILE] Phase B wall time: 0.159892 ms
[PROFILE] Phase C: wait_d2h=0.012 ms, topk=0.047 ms, identify=0.023 ms, prepare=0.000 ms, cpu_refine=0.325 ms, combine=0.006 ms (total=0.426 ms, 320 docs)
[PROFILE] Total wall time for Phase A + B + C: 1.73885 ms
[SEARCH] Total wall-clock time: 2.49203 ms
[18.6098 s] label=r095_q2_run2 GPU search time for 6980 queries.
[SEARCH] End-to-end measured time: 18609.766 ms
[SEARCH] Average latency per query: 2.666 ms
[SEARCH] Throughput: 375.072 qps
[SEARCH] Query latency distribution (ms): min=2.192, p50=2.648, p90=2.877, p95=2.953, p99=3.129, max=7.031, stddev=0.215
Recall@100: 0.951847
Recall@10: 0.965759
[CONFIG] label=r095_q2_run3 nprobe=96 k_rank_cluster=3200 k_rank_all_tokens=320 itopk_size=160 overlap_chunks=6
[CONFIG] concurrent_queries=1 effective_concurrent_queries=1 stage3_threads=32
[PROFILE] Phase A (Data Preparation) wall: 1.16685 ms, GPU total: 0.047232 ms
[PROFILE]   1. Gather doc lengths      : 0.00512 ms (CPU launch: 0.006734 ms)
[PROFILE]   2. Prefix sum offsets      : 0.011264 ms (CPU launch: 0.014229 ms)
[PROFILE]   3. Gather doc token ids    : 0.009216 ms (CPU launch: 0.005861 ms)
[PROFILE]   4. D2H metadata + sync     : 0.021632 ms (CPU launch: 0.028936 ms)
[PROFILE]   5. cudaStreamSynchronize   : 1.09799 ms
[PROFILE]   6. cudaEventElapsedTime x5 : 0.010443 ms
[PROFILE]   GPU sum accounted           : 0.047232 ms
[PROFILE] Phase B wall time: 0.162067 ms
[PROFILE] Phase C: wait_d2h=0.013 ms, topk=0.057 ms, identify=0.022 ms, prepare=0.000 ms, cpu_refine=0.299 ms, combine=0.008 ms (total=0.412 ms, 320 docs)
[PROFILE] Total wall time for Phase A + B + C: 1.74103 ms
[SEARCH] Total wall-clock time: 2.49539 ms
[18.6832 s] label=r095_q2_run3 GPU search time for 6980 queries.
[SEARCH] End-to-end measured time: 18683.164 ms
[SEARCH] Average latency per query: 2.677 ms
[SEARCH] Throughput: 373.598 qps
[SEARCH] Query latency distribution (ms): min=2.094, p50=2.655, p90=2.884, p95=2.963, p99=3.130, max=15.185, stddev=0.267
Recall@100: 0.951838
Recall@10: 0.965774
[GPU_MEM] current=29443.38 MiB, peak=29443.38 MiB, total=32494.12 MiB, samples=49, peak_label=config_end:r095_q2_run3
