[driver] command=/scratch3/workspace/juelinliu_umass_edu-gpu-mvr/gpu-mvr/gpu-mvr/build/gpu_search_nolut_nosum --query /scratch3/workspace/juelinliu_umass_edu-gpu-mvr/gpu-mvr/dataset/lotte/raw/query.bin --gt /scratch3/workspace/juelinliu_umass_edu-gpu-mvr/gpu-mvr/dataset/lotte/raw/gt.tsv --index /scratch3/workspace/juelinliu_umass_edu-gpu-mvr/gpu-mvr/dataset/lotte/gpu_mvr_2m --k 100 --nq -1 --warmup 5 --concurrent-queries 1 --config-file /scratch3/workspace/juelinliu_umass_edu-gpu-mvr/gpu-mvr/config/tmp/chimera_variant_targets/20260429T164347Z/lotte/chimera_nolut_nosum/targets090_095_slots1_runs3.csv
[driver] dataset=lotte
[driver] system=chimera_nolut_nosum
[driver] config_file=/scratch3/workspace/juelinliu_umass_edu-gpu-mvr/gpu-mvr/config/tmp/chimera_variant_targets/20260429T164347Z/lotte/chimera_nolut_nosum/targets090_095_slots1_runs3.csv
>>> Loaded 2931 queries, each with 32 embeddings of dimension 128
>>> Loaded 2428854 document lengths
[RUN] Constructing shared chimera index with 1 query slot(s) from /scratch3/workspace/juelinliu_umass_edu-gpu-mvr/gpu-mvr/dataset/lotte/gpu_mvr_2m using max runtime config: nprobe=128 k_rank_cluster=4000 k_rank_all_tokens=400 itopk_size=192 overlap_chunks=5
FhtKacRotator is selected
FhtKacRotator is selected
max cluster size: 5383
FhtKacRotator is selected
[gpu_mvr] Using cluster-ordered layout (7108.45 MB)
[chimera] Stage1 align mode: compact_align with shifted cluster loads
max cluster size: 5383
workspace_probe_cluster_bound: 128
workspace_probe_token_bound_per_query: 279074
workspace_probe_unique_doc_bound_per_query: 233860
max_compact_docs: 2428854  (num_docs=2428854)
initial_compact_doc_capacity: 131072
preallocated_compact_doc_capacity: 327680
workspace_stage2_candidate_token_bound: 687948
workspace_stage2_topk_token_bound: 69856
Initial GPU memory required for chimera workspace: 44.1068 MB
[workspace][chimera] Growing compact doc capacity from 0 to 327680 rows (required=327680)
[CONFIG] label=r090_c1_run1 nprobe=64 k_rank_cluster=2400 k_rank_all_tokens=240 itopk_size=128 overlap_chunks=5
[CONFIG] concurrent_queries=1 effective_concurrent_queries=1 stage3_threads=32
[PROFILE] Phase A (Data Preparation) wall: 0.447997 ms, GPU total: 0.04752 ms
[PROFILE]   1. Gather doc lengths      : 0.00512 ms (CPU launch: 0.00679 ms)
[PROFILE]   2. Prefix sum offsets      : 0.011264 ms (CPU launch: 0.0149 ms)
[PROFILE]   3. Gather clustered pos    : 0.011264 ms (CPU launch: 0.006008 ms)
[PROFILE]   4. D2H metadata + sync     : 0.019872 ms (CPU launch: 0.016485 ms)
[PROFILE]   5. cudaStreamSynchronize   : 0.391581 ms
[PROFILE]   6. cudaEventElapsedTime x5 : 0.010019 ms
[PROFILE]   GPU sum accounted           : 0.04752 ms
[PROFILE] Phase B wall time: 0.130973 ms
[PROFILE] Phase C: wait_d2h=2.542 ms, topk=0.037 ms, identify=0.016 ms, prepare=0.000 ms, cpu_refine=0.340 ms, combine=0.007 ms (total=2.954 ms, 240 docs)
[PROFILE] Total wall time for Phase A + B + C: 3.5327 ms
[SEARCH] Total wall-clock time: 4.21235 ms
[12.8858 s] label=r090_c1_run1 GPU search time for 2931 queries.
[SEARCH] End-to-end measured time: 12885.829 ms
[SEARCH] Average latency per query: 4.395 ms
[SEARCH] Throughput: 227.459 qps
[SEARCH] Query latency distribution (ms): min=2.974, p50=4.338, p90=4.688, p95=4.787, p99=9.263, max=18.356, stddev=0.887
Recall@100: 0.909246
Recall@10: 0.957489
[CONFIG] label=r090_c1_run2 nprobe=64 k_rank_cluster=2400 k_rank_all_tokens=240 itopk_size=128 overlap_chunks=5
[CONFIG] concurrent_queries=1 effective_concurrent_queries=1 stage3_threads=32
[PROFILE] Phase A (Data Preparation) wall: 0.442951 ms, GPU total: 0.043392 ms
[PROFILE]   1. Gather doc lengths      : 0.00512 ms (CPU launch: 0.005926 ms)
[PROFILE]   2. Prefix sum offsets      : 0.011264 ms (CPU launch: 0.013956 ms)
[PROFILE]   3. Gather clustered pos    : 0.011264 ms (CPU launch: 0.005705 ms)
[PROFILE]   4. D2H metadata + sync     : 0.015744 ms (CPU launch: 0.015672 ms)
[PROFILE]   5. cudaStreamSynchronize   : 0.389325 ms
[PROFILE]   6. cudaEventElapsedTime x5 : 0.010118 ms
[PROFILE]   GPU sum accounted           : 0.043392 ms
[PROFILE] Phase B wall time: 0.127205 ms
[PROFILE] Phase C: wait_d2h=2.455 ms, topk=0.037 ms, identify=0.016 ms, prepare=0.000 ms, cpu_refine=0.506 ms, combine=0.016 ms (total=3.041 ms, 240 docs)
[PROFILE] Total wall time for Phase A + B + C: 3.61155 ms
[SEARCH] Total wall-clock time: 4.28272 ms
[12.7112 s] label=r090_c1_run2 GPU search time for 2931 queries.
[SEARCH] End-to-end measured time: 12711.233 ms
[SEARCH] Average latency per query: 4.336 ms
[SEARCH] Throughput: 230.583 qps
[SEARCH] Query latency distribution (ms): min=2.956, p50=4.345, p90=4.704, p95=4.793, p99=5.916, max=14.978, stddev=0.492
Recall@100: 0.909307
Recall@10: 0.957523
[CONFIG] label=r090_c1_run3 nprobe=64 k_rank_cluster=2400 k_rank_all_tokens=240 itopk_size=128 overlap_chunks=5
[CONFIG] concurrent_queries=1 effective_concurrent_queries=1 stage3_threads=32
[PROFILE] Phase A (Data Preparation) wall: 0.436403 ms, GPU total: 0.043392 ms
[PROFILE]   1. Gather doc lengths      : 0.006144 ms (CPU launch: 0.006974 ms)
[PROFILE]   2. Prefix sum offsets      : 0.01024 ms (CPU launch: 0.015994 ms)
[PROFILE]   3. Gather clustered pos    : 0.011264 ms (CPU launch: 0.006197 ms)
[PROFILE]   4. D2H metadata + sync     : 0.015744 ms (CPU launch: 0.016556 ms)
[PROFILE]   5. cudaStreamSynchronize   : 0.37599 ms
[PROFILE]   6. cudaEventElapsedTime x5 : 0.010698 ms
[PROFILE]   GPU sum accounted           : 0.043392 ms
[PROFILE] Phase B wall time: 0.147973 ms
[PROFILE] Phase C: wait_d2h=2.542 ms, topk=0.038 ms, identify=0.018 ms, prepare=0.000 ms, cpu_refine=0.349 ms, combine=0.005 ms (total=2.965 ms, 240 docs)
[PROFILE] Total wall time for Phase A + B + C: 3.54904 ms
[SEARCH] Total wall-clock time: 4.22718 ms
[12.643 s] label=r090_c1_run3 GPU search time for 2931 queries.
[SEARCH] End-to-end measured time: 12642.995 ms
[SEARCH] Average latency per query: 4.313 ms
[SEARCH] Throughput: 231.828 qps
[SEARCH] Query latency distribution (ms): min=2.928, p50=4.308, p90=4.664, p95=4.756, p99=6.506, max=13.956, stddev=0.558
Recall@100: 0.909324
Recall@10: 0.957455
[CONFIG] label=r095_f1_run1 nprobe=128 k_rank_cluster=4000 k_rank_all_tokens=400 itopk_size=192 overlap_chunks=5
[CONFIG] concurrent_queries=1 effective_concurrent_queries=1 stage3_threads=32
[PROFILE] Phase A (Data Preparation) wall: 1.12991 ms, GPU total: 0.049216 ms
[PROFILE]   1. Gather doc lengths      : 0.006144 ms (CPU launch: 0.006563 ms)
[PROFILE]   2. Prefix sum offsets      : 0.011264 ms (CPU launch: 0.014158 ms)
[PROFILE]   3. Gather clustered pos    : 0.014336 ms (CPU launch: 0.016364 ms)
[PROFILE]   4. D2H metadata + sync     : 0.017472 ms (CPU launch: 0.015083 ms)
[PROFILE]   5. cudaStreamSynchronize   : 1.0651 ms
[PROFILE]   6. cudaEventElapsedTime x5 : 0.010054 ms
[PROFILE]   GPU sum accounted           : 0.049216 ms
[PROFILE] Phase B wall time: 0.126372 ms
[PROFILE] Phase C: wait_d2h=3.052 ms, topk=0.049 ms, identify=0.028 ms, prepare=0.000 ms, cpu_refine=0.673 ms, combine=0.008 ms (total=3.823 ms, 400 docs)
[PROFILE] Total wall time for Phase A + B + C: 5.07913 ms
[SEARCH] Total wall-clock time: 5.82144 ms
[16.8888 s] label=r095_f1_run1 GPU search time for 2931 queries.
[SEARCH] End-to-end measured time: 16888.789 ms
[SEARCH] Average latency per query: 5.762 ms
[SEARCH] Throughput: 173.547 qps
[SEARCH] Query latency distribution (ms): min=4.881, p50=5.731, p90=6.053, p95=6.155, p99=6.471, max=9.986, stddev=0.313
Recall@100: 0.950676
Recall@10: 0.962811
[CONFIG] label=r095_f1_run2 nprobe=128 k_rank_cluster=4000 k_rank_all_tokens=400 itopk_size=192 overlap_chunks=5
[CONFIG] concurrent_queries=1 effective_concurrent_queries=1 stage3_threads=32
[PROFILE] Phase A (Data Preparation) wall: 1.09751 ms, GPU total: 0.052288 ms
[PROFILE]   1. Gather doc lengths      : 0.006144 ms (CPU launch: 0.005792 ms)
[PROFILE]   2. Prefix sum offsets      : 0.011264 ms (CPU launch: 0.024292 ms)
[PROFILE]   3. Gather clustered pos    : 0.014336 ms (CPU launch: 0.006272 ms)
[PROFILE]   4. D2H metadata + sync     : 0.020544 ms (CPU launch: 0.014304 ms)
[PROFILE]   5. cudaStreamSynchronize   : 1.0346 ms
[PROFILE]   6. cudaEventElapsedTime x5 : 0.009993 ms
[PROFILE]   GPU sum accounted           : 0.052288 ms
[PROFILE] Phase B wall time: 0.129951 ms
[PROFILE] Phase C: wait_d2h=3.144 ms, topk=0.072 ms, identify=0.033 ms, prepare=0.001 ms, cpu_refine=0.533 ms, combine=0.008 ms (total=3.802 ms, 400 docs)
[PROFILE] Total wall time for Phase A + B + C: 5.02995 ms
[SEARCH] Total wall-clock time: 5.78503 ms
[16.9954 s] label=r095_f1_run2 GPU search time for 2931 queries.
[SEARCH] End-to-end measured time: 16995.374 ms
[SEARCH] Average latency per query: 5.798 ms
[SEARCH] Throughput: 172.459 qps
[SEARCH] Query latency distribution (ms): min=4.474, p50=5.727, p90=6.041, p95=6.147, p99=7.977, max=19.701, stddev=0.710
Recall@100: 0.950716
Recall@10: 0.96288
[CONFIG] label=r095_f1_run3 nprobe=128 k_rank_cluster=4000 k_rank_all_tokens=400 itopk_size=192 overlap_chunks=5
[CONFIG] concurrent_queries=1 effective_concurrent_queries=1 stage3_threads=32
[PROFILE] Phase A (Data Preparation) wall: 1.06918 ms, GPU total: 0.052288 ms
[PROFILE]   1. Gather doc lengths      : 0.006144 ms (CPU launch: 0.005558 ms)
[PROFILE]   2. Prefix sum offsets      : 0.011264 ms (CPU launch: 0.013309 ms)
[PROFILE]   3. Gather clustered pos    : 0.014336 ms (CPU launch: 0.00567 ms)
[PROFILE]   4. D2H metadata + sync     : 0.020544 ms (CPU launch: 0.014197 ms)
[PROFILE]   5. cudaStreamSynchronize   : 1.01706 ms
[PROFILE]   6. cudaEventElapsedTime x5 : 0.010002 ms
[PROFILE]   GPU sum accounted           : 0.052288 ms
[PROFILE] Phase B wall time: 0.133799 ms
[PROFILE] Phase C: wait_d2h=3.006 ms, topk=0.050 ms, identify=0.030 ms, prepare=0.000 ms, cpu_refine=0.734 ms, combine=0.009 ms (total=3.842 ms, 400 docs)
[PROFILE] Total wall time for Phase A + B + C: 5.04504 ms
[SEARCH] Total wall-clock time: 5.83466 ms
[16.9432 s] label=r095_f1_run3 GPU search time for 2931 queries.
[SEARCH] End-to-end measured time: 16943.173 ms
[SEARCH] Average latency per query: 5.780 ms
[SEARCH] Throughput: 172.990 qps
[SEARCH] Query latency distribution (ms): min=4.468, p50=5.726, p90=6.057, p95=6.170, p99=8.099, max=11.433, stddev=0.457
Recall@100: 0.950716
Recall@10: 0.962845
[GPU_MEM] current=9139.38 MiB, peak=9139.38 MiB, total=32494.12 MiB, samples=49, peak_label=config_end:r095_f1_run3
