>>> Loaded 1000 queries, each with 32 embeddings of dimension 128
>>> Loaded 5233329 document lengths
[RUN] Constructing shared chimera index with 1 query slot(s) from dataset/hotpot/gpu_mvr_2m using max runtime config: nprobe=384 k_rank_cluster=28000 k_rank_all_tokens=1800 itopk_size=448 overlap_chunks=6
FhtKacRotator is selected
FhtKacRotator is selected
max cluster size: 3062
FhtKacRotator is selected
[gpu_mvr] Using cluster-ordered layout (7559.76 MB)
[chimera] Stage1 align mode: compact_align with shifted cluster loads
max cluster size: 3062
workspace_probe_cluster_bound: 384
workspace_probe_token_bound_per_query: 599336
workspace_probe_unique_doc_bound_per_query: 554917
max_compact_docs: 5233329  (num_docs=5233329)
initial_compact_doc_capacity: 262144
preallocated_compact_doc_capacity: 589824
workspace_stage2_candidate_token_bound: 4586282
workspace_stage2_topk_token_bound: 305161
Initial GPU memory required for chimera workspace: 79.5744 MB
[workspace][chimera] Growing compact doc capacity from 0 to 589824 rows (required=589824)
[CONFIG] label=r090_q4 nprobe=160 k_rank_cluster=5000 k_rank_all_tokens=500 itopk_size=224 overlap_chunks=6
[CONFIG] concurrent_queries=1 effective_concurrent_queries=1 stage3_threads=32
[PROFILE_AVG] Averaged over 1000 evaluation queries for label=r090_q4
[PROFILE_AVG] Mode: V8 persistent Stage 2+3
[PROFILE_AVG] Search wall-clock time      : 2.83928 ms
[PROFILE_AVG] Total GPU search time       : 2.8326 ms
[PROFILE_AVG] Stage 1 time                : 1.6042 ms
[PROFILE_AVG]   1. CAGRA search            : 0.486354 ms
[PROFILE_AVG]   2. GPU IVF expansion       : 0.00229683 ms
[PROFILE_AVG]   3. Binary IP kernel        : 0.708062 ms
[PROFILE_AVG]   4. Aggregation + tracking  : 0.00228762 ms
[PROFILE_AVG]   5. Sum doc scores (sparse) : 0.0805816 ms
[PROFILE_AVG]   6. Top-k sort (sparse)     : 0.156086 ms
[PROFILE_AVG]   7. D2D copy top-k doc IDs  : 0.00458854 ms
[PROFILE_AVG]   8. Memset (overlapped 1-3) : 0.0104812 ms (not in critical path)
[PROFILE_AVG]   Sum accounted              : 1.44026 ms
[PROFILE_AVG] Stage 2+3 event time        : 1.18653 ms
[PROFILE_AVG] Phase A (Data Preparation) wall: 0.994942 ms, GPU total: 0.0529772 ms
[PROFILE_AVG]   1. Gather doc lengths      : 0.00679834 ms (CPU launch: 0.00449589 ms)
[PROFILE_AVG]   2. Prefix sum offsets      : 0.0112486 ms (CPU launch: 0.0102496 ms)
[PROFILE_AVG]   3. Gather clustered pos    : 0.0161925 ms (CPU launch: 0.0041463 ms)
[PROFILE_AVG]   4. D2H metadata + sync     : 0.0187377 ms (CPU launch: 0.011278 ms)
[PROFILE_AVG]   5. cudaStreamSynchronize   : 0.954146 ms
[PROFILE_AVG]   6. cudaEventElapsedTime x5 : 0.00906087 ms
[PROFILE_AVG]   GPU sum accounted           : 0.0529772 ms
[PROFILE_AVG] Phase B wall time           : 0.12253 ms
[PROFILE_AVG] Phase B binary_ip total     : 0.552858 ms
[PROFILE_AVG] Phase B doc_score total     : 0.251119 ms
[PROFILE_AVG] Phase B total kernel time   : 0.834347 ms
[PROFILE_AVG] Phase C: wait_d2h=0.213255 ms, topk=0.0815218 ms, identify=0.0363599 ms, prepare=0.0004164 ms, cpu_refine=0.518932 ms, combine=0.0111595 ms (total=0.936482 ms, docs=500.002)
[PROFILE_AVG] Total wall time for Phase A + B + C: 2.05401 ms
[PROFILE_AVG] Data transfer summary       : H2D=0.00905104 ms (16512 bytes), D2H=0.08848 ms (80020 bytes), total=0.0975311 ms, count=9
[2.88124 s] label=r090_q4 GPU search time for 1000 queries.
[SEARCH] End-to-end measured time: 2881.241 ms
[SEARCH] Average latency per query: 2.880 ms
[SEARCH] Throughput: 347.073 qps
[SEARCH] Query latency distribution (ms): min=2.338, p50=2.780, p90=3.112, p95=3.476, p99=5.000, max=10.080, stddev=0.517
Recall@100: 0.91388
Recall@10: 0.9444
[CONFIG] label=r095_q9 nprobe=384 k_rank_cluster=28000 k_rank_all_tokens=1800 itopk_size=448 overlap_chunks=5
[CONFIG] concurrent_queries=1 effective_concurrent_queries=1 stage3_threads=32
[workspace][chimera] Growing compact doc capacity from 589824 to 786432 rows (required=715807)
[workspace][chimera] Growing compact doc capacity from 786432 to 917504 rows (required=801838)
[PROFILE_AVG] Averaged over 1000 evaluation queries for label=r095_q9
[PROFILE_AVG] Mode: V8 persistent Stage 2+3
[PROFILE_AVG] Search wall-clock time      : 7.44924 ms
[PROFILE_AVG] Total GPU search time       : 7.44248 ms
[PROFILE_AVG] Stage 1 time                : 3.47161 ms
[PROFILE_AVG]   1. CAGRA search            : 0.782612 ms
[PROFILE_AVG]   2. GPU IVF expansion       : 0.00228659 ms
[PROFILE_AVG]   3. Binary IP kernel        : 2.00211 ms
[PROFILE_AVG]   4. Aggregation + tracking  : 0.00228864 ms
[PROFILE_AVG]   5. Sum doc scores (sparse) : 0.154115 ms
[PROFILE_AVG]   6. Top-k sort (sparse)     : 0.259119 ms
[PROFILE_AVG]   7. D2D copy top-k doc IDs  : 0.00514458 ms
[PROFILE_AVG]   8. Memset (overlapped 1-3) : 0.0116035 ms (not in critical path)
[PROFILE_AVG]   Sum accounted              : 3.20768 ms
[PROFILE_AVG] Stage 2+3 event time        : 3.92365 ms
[PROFILE_AVG] Phase A (Data Preparation) wall: 2.61801 ms, GPU total: 0.13742 ms
[PROFILE_AVG]   1. Gather doc lengths      : 0.0110531 ms (CPU launch: 0.00432531 ms)
[PROFILE_AVG]   2. Prefix sum offsets      : 0.0121313 ms (CPU launch: 0.0104149 ms)
[PROFILE_AVG]   3. Gather clustered pos    : 0.0736584 ms (CPU launch: 0.00422196 ms)
[PROFILE_AVG]   4. D2H metadata + sync     : 0.0405774 ms (CPU launch: 0.0117485 ms)
[PROFILE_AVG]   5. cudaStreamSynchronize   : 2.57674 ms
[PROFILE_AVG]   6. cudaEventElapsedTime x5 : 0.00906347 ms
[PROFILE_AVG]   GPU sum accounted           : 0.13742 ms
[PROFILE_AVG] Phase B wall time           : 0.106307 ms
[PROFILE_AVG] Phase B binary_ip total     : 2.45348 ms
[PROFILE_AVG] Phase B doc_score total     : 0.810667 ms
[PROFILE_AVG] Phase B total kernel time   : 3.28963 ms
[PROFILE_AVG] Phase C: wait_d2h=1.88854 ms, topk=0.309491 ms, identify=0.138209 ms, prepare=0.000802921 ms, cpu_refine=1.14235 ms, combine=0.0244806 ms (total=3.60221 ms, docs=1800)
[PROFILE_AVG] Total wall time for Phase A + B + C: 6.32659 ms
[PROFILE_AVG] Data transfer summary       : H2D=0.0102168 ms (16512 bytes), D2H=0.0963516 ms (448020 bytes), total=0.106568 ms, count=8
[7.48997 s] label=r095_q9 GPU search time for 1000 queries.
[SEARCH] End-to-end measured time: 7489.965 ms
[SEARCH] Average latency per query: 7.488 ms
[SEARCH] Throughput: 133.512 qps
[SEARCH] Query latency distribution (ms): min=5.455, p50=7.400, p90=8.157, p95=8.429, p99=10.450, max=13.798, stddev=0.768
Recall@100: 0.95011
Recall@10: 0.9495
[GPU_MEM] current=10205.38 MiB, peak=10205.38 MiB, total=32494.12 MiB, samples=63, peak_label=config_end:r095_q9
