>>> Loaded 6980 queries, each with 32 embeddings of dimension 128
>>> Loaded 8841823 document lengths
[RUN] Constructing shared chimera index with 1 query slot(s) from dataset/msmarco/gpu_mvr_2m using max runtime config: nprobe=96 k_rank_cluster=3200 k_rank_all_tokens=320 itopk_size=160 overlap_chunks=6
FhtKacRotator is selected
FhtKacRotator is selected
max cluster size: 5402
FhtKacRotator is selected
[gpu_mvr] Using cluster-ordered layout (15937.5 MB)
[chimera] Stage1 align mode: compact_align with shifted cluster loads
max cluster size: 5402
workspace_probe_cluster_bound: 96
workspace_probe_token_bound_per_query: 337837
workspace_probe_unique_doc_bound_per_query: 289215
max_compact_docs: 8841823  (num_docs=8841823)
initial_compact_doc_capacity: 131072
preallocated_compact_doc_capacity: 327680
workspace_stage2_candidate_token_bound: 542176
workspace_stage2_topk_token_bound: 56541
Initial GPU memory required for chimera workspace: 44.9638 MB
[workspace][chimera] Growing compact doc capacity from 0 to 327680 rows (required=327680)
[CONFIG] label=r090_b2 nprobe=64 k_rank_cluster=1800 k_rank_all_tokens=180 itopk_size=96 overlap_chunks=4
[CONFIG] concurrent_queries=1 effective_concurrent_queries=1 stage3_threads=32
[workspace][chimera] Growing compact doc capacity from 327680 to 393216 rows (required=335572)
[PROFILE_AVG] Averaged over 6980 evaluation queries for label=r090_b2
[PROFILE_AVG] Mode: V8 persistent Stage 2+3
[PROFILE_AVG] Search wall-clock time      : 1.86736 ms
[PROFILE_AVG] Total GPU search time       : 1.86064 ms
[PROFILE_AVG] Stage 1 time                : 1.16873 ms
[PROFILE_AVG]   1. CAGRA search            : 0.355287 ms
[PROFILE_AVG]   2. GPU IVF expansion       : 0.00230107 ms
[PROFILE_AVG]   3. Binary IP kernel        : 0.502446 ms
[PROFILE_AVG]   4. Aggregation + tracking  : 0.00230371 ms
[PROFILE_AVG]   5. Sum doc scores (sparse) : 0.0353236 ms
[PROFILE_AVG]   6. Top-k sort (sparse)     : 0.137076 ms
[PROFILE_AVG]   7. D2D copy top-k doc IDs  : 0.00450633 ms
[PROFILE_AVG]   8. Memset (overlapped 1-3) : 0.0113646 ms (not in critical path)
[PROFILE_AVG]   Sum accounted              : 1.03924 ms
[PROFILE_AVG] Stage 2+3 event time        : 0.645098 ms
[PROFILE_AVG] Phase A (Data Preparation) wall: 0.695131 ms, GPU total: 0.0405023 ms
[PROFILE_AVG]   1. Gather doc lengths      : 0.00560735 ms (CPU launch: 0.00489041 ms)
[PROFILE_AVG]   2. Prefix sum offsets      : 0.0109797 ms (CPU launch: 0.0120461 ms)
[PROFILE_AVG]   3. Gather clustered pos    : 0.0088174 ms (CPU launch: 0.00487514 ms)
[PROFILE_AVG]   4. D2H metadata + sync     : 0.0150978 ms (CPU launch: 0.0134368 ms)
[PROFILE_AVG]   5. cudaStreamSynchronize   : 0.649266 ms
[PROFILE_AVG]   6. cudaEventElapsedTime x5 : 0.00896432 ms
[PROFILE_AVG]   GPU sum accounted           : 0.0405023 ms
[PROFILE_AVG] Phase B wall time           : 0.0833881 ms
[PROFILE_AVG] Phase B binary_ip total     : 0.220883 ms
[PROFILE_AVG] Phase B doc_score total     : 0.0974543 ms
[PROFILE_AVG] Phase B total kernel time   : 0.33956 ms
[PROFILE_AVG] Phase C: wait_d2h=0.0438145 ms, topk=0.0257197 ms, identify=0.0150059 ms, prepare=0.000210187 ms, cpu_refine=0.300648 ms, combine=0.00612456 ms (total=0.462335 ms, docs=180.005)
[PROFILE_AVG] Total wall time for Phase A + B + C: 1.24091 ms
[PROFILE_AVG] Data transfer summary       : H2D=0.00853094 ms (16512 bytes), D2H=0.0528485 ms (28820 bytes), total=0.0613795 ms, count=7
[13.2913 s] label=r090_b2 GPU search time for 6980 queries.
[SEARCH] End-to-end measured time: 13291.269 ms
[SEARCH] Average latency per query: 1.903 ms
[SEARCH] Throughput: 525.157 qps
[SEARCH] Query latency distribution (ms): min=1.473, p50=1.799, p90=2.022, p95=2.360, p99=4.642, max=14.486, stddev=0.555
Recall@100: 0.917295
Recall@10: 0.96384
[CONFIG] label=r095_q2 nprobe=96 k_rank_cluster=3200 k_rank_all_tokens=320 itopk_size=160 overlap_chunks=6
[CONFIG] concurrent_queries=1 effective_concurrent_queries=1 stage3_threads=32
[workspace][chimera] Growing compact doc capacity from 393216 to 524288 rows (required=467667)
[PROFILE_AVG] Averaged over 6980 evaluation queries for label=r095_q2
[PROFILE_AVG] Mode: V8 persistent Stage 2+3
[PROFILE_AVG] Search wall-clock time      : 2.54257 ms
[PROFILE_AVG] Total GPU search time       : 2.53588 ms
[PROFILE_AVG] Stage 1 time                : 1.60352 ms
[PROFILE_AVG]   1. CAGRA search            : 0.386865 ms
[PROFILE_AVG]   2. GPU IVF expansion       : 0.00229373 ms
[PROFILE_AVG]   3. Binary IP kernel        : 0.868768 ms
[PROFILE_AVG]   4. Aggregation + tracking  : 0.00229021 ms
[PROFILE_AVG]   5. Sum doc scores (sparse) : 0.0470364 ms
[PROFILE_AVG]   6. Top-k sort (sparse)     : 0.138792 ms
[PROFILE_AVG]   7. D2D copy top-k doc IDs  : 0.00452232 ms
[PROFILE_AVG]   8. Memset (overlapped 1-3) : 0.0113051 ms (not in critical path)
[PROFILE_AVG]   Sum accounted              : 1.45057 ms
[PROFILE_AVG] Stage 2+3 event time        : 0.890254 ms
[PROFILE_AVG] Phase A (Data Preparation) wall: 1.08868 ms, GPU total: 0.0461952 ms
[PROFILE_AVG]   1. Gather doc lengths      : 0.00593949 ms (CPU launch: 0.00489692 ms)
[PROFILE_AVG]   2. Prefix sum offsets      : 0.01098 ms (CPU launch: 0.0121295 ms)
[PROFILE_AVG]   3. Gather clustered pos    : 0.0118838 ms (CPU launch: 0.00487117 ms)
[PROFILE_AVG]   4. D2H metadata + sync     : 0.0173919 ms (CPU launch: 0.0134744 ms)
[PROFILE_AVG]   5. cudaStreamSynchronize   : 1.04257 ms
[PROFILE_AVG]   6. cudaEventElapsedTime x5 : 0.0090846 ms
[PROFILE_AVG]   GPU sum accounted           : 0.0461952 ms
[PROFILE_AVG] Phase B wall time           : 0.122439 ms
[PROFILE_AVG] Phase B binary_ip total     : 0.351167 ms
[PROFILE_AVG] Phase B doc_score total     : 0.162207 ms
[PROFILE_AVG] Phase B total kernel time   : 0.543686 ms
[PROFILE_AVG] Phase C: wait_d2h=0.0643053 ms, topk=0.0508049 ms, identify=0.0256574 ms, prepare=0.000367725 ms, cpu_refine=0.412991 ms, combine=0.00777914 ms (total=0.645283 ms, docs=320.002)
[PROFILE_AVG] Total wall time for Phase A + B + C: 1.85646 ms
[PROFILE_AVG] Data transfer summary       : H2D=0.00880819 ms (16512 bytes), D2H=0.0722165 ms (51220 bytes), total=0.0810247 ms, count=9
[18.0243 s] label=r095_q2 GPU search time for 6980 queries.
[SEARCH] End-to-end measured time: 18024.289 ms
[SEARCH] Average latency per query: 2.581 ms
[SEARCH] Throughput: 387.255 qps
[SEARCH] Query latency distribution (ms): min=1.859, p50=2.451, p90=2.801, p95=3.370, p99=5.560, max=14.777, stddev=0.639
Recall@100: 0.951868
Recall@10: 0.965759
[GPU_MEM] current=18057.38 MiB, peak=18057.38 MiB, total=32494.12 MiB, samples=251, peak_label=config_end:r095_q2
