[driver] command=/scratch3/workspace/juelinliu_umass_edu-gpu-mvr/gpu-mvr/gpu-mvr/build/gpu_search_nosum --query /scratch3/workspace/juelinliu_umass_edu-gpu-mvr/gpu-mvr/dataset/msmarco/raw/query.bin --gt /scratch3/workspace/juelinliu_umass_edu-gpu-mvr/gpu-mvr/dataset/msmarco/raw/gt.tsv --index /scratch3/workspace/juelinliu_umass_edu-gpu-mvr/gpu-mvr/dataset/msmarco/gpu_mvr_2m --k 100 --nq -1 --warmup 5 --nprobe 64 --k-rank-cluster 1800 --k-rank-all-tokens 180 --itopk-size 96 --overlap-chunks 4 --concurrent-queries 1
[driver] dataset=msmarco
[driver] system=chimera_nosum
[driver] config_label=r090_b2
>>> Loaded 6980 queries, each with 32 embeddings of dimension 128
>>> Loaded 8841823 document lengths
[RUN] Constructing shared chimera index with 1 query slot(s) from /scratch3/workspace/juelinliu_umass_edu-gpu-mvr/gpu-mvr/dataset/msmarco/gpu_mvr_2m using max runtime config: nprobe=64 k_rank_cluster=1800 k_rank_all_tokens=180 itopk_size=96 overlap_chunks=4
FhtKacRotator is selected
FhtKacRotator is selected
max cluster size: 5402
FhtKacRotator is selected
[gpu_mvr] Using cluster-ordered layout (15937.5 MB)
[chimera] Stage1 align mode: compact_align with shifted cluster loads
max cluster size: 5402
workspace_probe_cluster_bound: 64
workspace_probe_token_bound_per_query: 235540
workspace_probe_unique_doc_bound_per_query: 201698
max_compact_docs: 6454336  (num_docs=8841823)
initial_compact_doc_capacity: 131072
preallocated_compact_doc_capacity: 262144
workspace_stage2_candidate_token_bound: 307703
workspace_stage2_topk_token_bound: 32185
Initial GPU memory required for chimera workspace: 36.2084 MB
[workspace][chimera] Growing compact doc capacity from 0 to 262144 rows (required=262144)
[CONFIG] label=single nprobe=64 k_rank_cluster=1800 k_rank_all_tokens=180 itopk_size=96 overlap_chunks=4
[CONFIG] concurrent_queries=1 effective_concurrent_queries=1 stage3_threads=32
[PROFILE] Phase A (Data Preparation) wall: 0.840415 ms, GPU total: 0.04672 ms
[PROFILE]   1. Gather doc lengths      : 0.006144 ms (CPU launch: 0.005412 ms)
[PROFILE]   2. Prefix sum offsets      : 0.012288 ms (CPU launch: 0.012547 ms)
[PROFILE]   3. Gather clustered pos    : 0.01024 ms (CPU launch: 0.00494 ms)
[PROFILE]   4. D2H metadata + sync     : 0.018048 ms (CPU launch: 0.025737 ms)
[PROFILE]   5. cudaStreamSynchronize   : 0.779733 ms
[PROFILE]   6. cudaEventElapsedTime x5 : 0.009536 ms
[PROFILE]   GPU sum accounted           : 0.04672 ms
[PROFILE] Phase B wall time: 0.091089 ms
[PROFILE] Phase C: wait_d2h=1.214 ms, topk=0.026 ms, identify=0.013 ms, prepare=0.000 ms, cpu_refine=0.229 ms, combine=0.004 ms (total=1.496 ms, 180 docs)
[PROFILE] Total wall time for Phase A + B + C: 2.42772 ms
[SEARCH] Total wall-clock time: 3.16069 ms
[workspace][chimera] Growing compact doc capacity from 262144 to 393216 rows (required=336290)
[18.3221 s] label=single GPU search time for 6980 queries.
[SEARCH] End-to-end measured time: 18322.086 ms
[SEARCH] Average latency per query: 2.625 ms
[SEARCH] Throughput: 380.961 qps
[SEARCH] Query latency distribution (ms): min=2.102, p50=2.531, p90=2.763, p95=2.859, p99=5.498, max=14.943, stddev=0.768
Recall@100: 0.917325
Recall@10: 0.963825
[GPU_MEM] current=17995.38 MiB, peak=17995.38 MiB, total=32494.12 MiB, samples=9, peak_label=config_end:single
