[driver] command=/scratch3/workspace/juelinliu_umass_edu-gpu-mvr/gpu-mvr/gpu-mvr/build/gpu_search --query /scratch3/workspace/juelinliu_umass_edu-gpu-mvr/gpu-mvr/dataset/lotte/raw/query.bin --gt /scratch3/workspace/juelinliu_umass_edu-gpu-mvr/gpu-mvr/dataset/lotte/raw/gt.tsv --index /scratch3/workspace/juelinliu_umass_edu-gpu-mvr/gpu-mvr/dataset/lotte/gpu_mvr_2m --k 100 --nq -1 --warmup 5 --concurrent-queries 1 --config-file /scratch3/workspace/juelinliu_umass_edu-gpu-mvr/gpu-mvr/profiling/chimera_variant_targets/configs/20260429T164005Z/lotte/0.90/chimera/r090_c1_slots1_runs3.csv
[driver] dataset=lotte
[driver] system=chimera
[driver] config_file=/scratch3/workspace/juelinliu_umass_edu-gpu-mvr/gpu-mvr/profiling/chimera_variant_targets/configs/20260429T164005Z/lotte/0.90/chimera/r090_c1_slots1_runs3.csv
>>> Loaded 2931 queries, each with 32 embeddings of dimension 128
>>> Loaded 2428854 document lengths
[RUN] Constructing shared chimera index with 1 query slot(s) from /scratch3/workspace/juelinliu_umass_edu-gpu-mvr/gpu-mvr/dataset/lotte/gpu_mvr_2m using max runtime config: nprobe=64 k_rank_cluster=2400 k_rank_all_tokens=240 itopk_size=128 overlap_chunks=5
FhtKacRotator is selected
FhtKacRotator is selected
max cluster size: 5383
FhtKacRotator is selected
[gpu_mvr] Using cluster-ordered layout (7108.45 MB)
[chimera] Stage1 align mode: compact_align with shifted cluster loads
max cluster size: 5383
workspace_probe_cluster_bound: 64
workspace_probe_token_bound_per_query: 155969
workspace_probe_unique_doc_bound_per_query: 127479
max_compact_docs: 2428854  (num_docs=2428854)
initial_compact_doc_capacity: 65536
preallocated_compact_doc_capacity: 196608
workspace_stage2_candidate_token_bound: 414348
workspace_stage2_topk_token_bound: 42016
Initial GPU memory required for chimera workspace: 26.6007 MB
[workspace][chimera] Growing compact doc capacity from 0 to 196608 rows (required=196608)
[CONFIG] label=r090_c1_run1 nprobe=64 k_rank_cluster=2400 k_rank_all_tokens=240 itopk_size=128 overlap_chunks=5
[CONFIG] concurrent_queries=1 effective_concurrent_queries=1 stage3_threads=32
[PROFILE] Phase A (Data Preparation) wall: 0.304316 ms, GPU total: 0.046784 ms
[PROFILE]   1. Gather doc lengths      : 0.006144 ms (CPU launch: 0.005163 ms)
[PROFILE]   2. Prefix sum offsets      : 0.012288 ms (CPU launch: 0.015189 ms)
[PROFILE]   3. Gather clustered pos    : 0.012288 ms (CPU launch: 0.005081 ms)
[PROFILE]   4. D2H metadata + sync     : 0.016064 ms (CPU launch: 0.014433 ms)
[PROFILE]   5. cudaStreamSynchronize   : 0.252909 ms
[PROFILE]   6. cudaEventElapsedTime x5 : 0.009635 ms
[PROFILE]   GPU sum accounted           : 0.046784 ms
[PROFILE] Phase B wall time: 0.107674 ms
[PROFILE] Phase C: wait_d2h=0.212 ms, topk=0.035 ms, identify=0.016 ms, prepare=0.000 ms, cpu_refine=3.185 ms, combine=0.034 ms (total=3.493 ms, 240 docs)
[PROFILE] Total wall time for Phase A + B + C: 3.90464 ms
[SEARCH] Total wall-clock time: 4.61386 ms
[5.62007 s] label=r090_c1_run1 GPU search time for 2931 queries.
[SEARCH] End-to-end measured time: 5620.074 ms
[SEARCH] Average latency per query: 1.916 ms
[SEARCH] Throughput: 521.523 qps
[SEARCH] Query latency distribution (ms): min=1.603, p50=1.850, p90=2.069, p95=2.153, p99=2.459, max=17.167, stddev=0.508
Recall@100: 0.909331
Recall@10: 0.957421
[CONFIG] label=r090_c1_run2 nprobe=64 k_rank_cluster=2400 k_rank_all_tokens=240 itopk_size=128 overlap_chunks=5
[CONFIG] concurrent_queries=1 effective_concurrent_queries=1 stage3_threads=32
[PROFILE] Phase A (Data Preparation) wall: 0.254282 ms, GPU total: 0.042432 ms
[PROFILE]   1. Gather doc lengths      : 0.00512 ms (CPU launch: 0.005158 ms)
[PROFILE]   2. Prefix sum offsets      : 0.011264 ms (CPU launch: 0.01232 ms)
[PROFILE]   3. Gather clustered pos    : 0.011264 ms (CPU launch: 0.00487 ms)
[PROFILE]   4. D2H metadata + sync     : 0.014784 ms (CPU launch: 0.015547 ms)
[PROFILE]   5. cudaStreamSynchronize   : 0.204675 ms
[PROFILE]   6. cudaEventElapsedTime x5 : 0.00963 ms
[PROFILE]   GPU sum accounted           : 0.042432 ms
[PROFILE] Phase B wall time: 0.106977 ms
[PROFILE] Phase C: wait_d2h=0.217 ms, topk=0.034 ms, identify=0.017 ms, prepare=0.000 ms, cpu_refine=0.666 ms, combine=0.005 ms (total=0.951 ms, 240 docs)
[PROFILE] Total wall time for Phase A + B + C: 1.31209 ms
[SEARCH] Total wall-clock time: 1.98538 ms
[5.69161 s] label=r090_c1_run2 GPU search time for 2931 queries.
[SEARCH] End-to-end measured time: 5691.614 ms
[SEARCH] Average latency per query: 1.942 ms
[SEARCH] Throughput: 514.968 qps
[SEARCH] Query latency distribution (ms): min=1.507, p50=1.866, p90=2.071, p95=2.155, p99=4.577, max=12.039, stddev=0.616
Recall@100: 0.909263
Recall@10: 0.957489
[CONFIG] label=r090_c1_run3 nprobe=64 k_rank_cluster=2400 k_rank_all_tokens=240 itopk_size=128 overlap_chunks=5
[CONFIG] concurrent_queries=1 effective_concurrent_queries=1 stage3_threads=32
[PROFILE] Phase A (Data Preparation) wall: 0.270015 ms, GPU total: 0.047552 ms
[PROFILE]   1. Gather doc lengths      : 0.006144 ms (CPU launch: 0.00526 ms)
[PROFILE]   2. Prefix sum offsets      : 0.011264 ms (CPU launch: 0.01234 ms)
[PROFILE]   3. Gather clustered pos    : 0.01024 ms (CPU launch: 0.004934 ms)
[PROFILE]   4. D2H metadata + sync     : 0.019904 ms (CPU launch: 0.013866 ms)
[PROFILE]   5. cudaStreamSynchronize   : 0.222001 ms
[PROFILE]   6. cudaEventElapsedTime x5 : 0.00955 ms
[PROFILE]   GPU sum accounted           : 0.047552 ms
[PROFILE] Phase B wall time: 0.113772 ms
[PROFILE] Phase C: wait_d2h=0.299 ms, topk=0.038 ms, identify=0.016 ms, prepare=0.000 ms, cpu_refine=0.318 ms, combine=0.006 ms (total=0.686 ms, 240 docs)
[PROFILE] Total wall time for Phase A + B + C: 1.07024 ms
[SEARCH] Total wall-clock time: 1.72382 ms
[5.3541 s] label=r090_c1_run3 GPU search time for 2931 queries.
[SEARCH] End-to-end measured time: 5354.100 ms
[SEARCH] Average latency per query: 1.826 ms
[SEARCH] Throughput: 547.431 qps
[SEARCH] Query latency distribution (ms): min=1.444, p50=1.796, p90=1.932, p95=2.001, p99=2.201, max=9.501, stddev=0.322
Recall@100: 0.909314
Recall@10: 0.957455
[GPU_MEM] current=9087.38 MiB, peak=9087.38 MiB, total=32494.12 MiB, samples=25, peak_label=config_end:r090_c1_run3
