[driver] command=/scratch3/workspace/juelinliu_umass_edu-gpu-mvr/gpu-mvr/gpu-mvr/build/gpu_search_v9 --query /scratch3/workspace/juelinliu_umass_edu-gpu-mvr/gpu-mvr/dataset/lotte/raw/query.bin --gt /scratch3/workspace/juelinliu_umass_edu-gpu-mvr/gpu-mvr/dataset/lotte/raw/gt.tsv --index /scratch3/workspace/juelinliu_umass_edu-gpu-mvr/gpu-mvr/dataset/lotte/gpu_mvr_2m --k 100 --nq -1 --warmup 5 --nprobe 64 --k-rank-cluster 2400 --k-rank-all-tokens 240 --itopk-size 128 --overlap-chunks 5 --concurrent-queries 1
[driver] dataset=lotte
[driver] system=v9
[driver] config_label=r090_c1
>>> Loaded 2931 queries, each with 32 embeddings of dimension 128
>>> Loaded 2428854 document lengths
[RUN] Constructing shared chimera index with 1 query slot(s) from /scratch3/workspace/juelinliu_umass_edu-gpu-mvr/gpu-mvr/dataset/lotte/gpu_mvr_2m using max runtime config: nprobe=64 k_rank_cluster=2400 k_rank_all_tokens=240 itopk_size=128 overlap_chunks=5
FhtKacRotator is selected
FhtKacRotator is selected
max cluster size: 5383
FhtKacRotator is selected
[gpu_mvr] Using cluster-ordered layout (7108.45 MB)
[chimera] Stage1 align mode: compact_align with shifted cluster loads
max cluster size: 5383
workspace_probe_cluster_bound: 64
workspace_probe_token_bound_per_query: 155969
workspace_probe_unique_doc_bound_per_query: 127479
max_compact_docs: 2428854  (num_docs=2428854)
initial_compact_doc_capacity: 65536
preallocated_compact_doc_capacity: 196608
workspace_stage2_candidate_token_bound: 414348
workspace_stage2_topk_token_bound: 42016
Initial GPU memory required for chimera workspace: 26.6007 MB
[workspace][chimera] Growing compact doc capacity from 0 to 196608 rows (required=196608)
[CONFIG] label=single nprobe=64 k_rank_cluster=2400 k_rank_all_tokens=240 itopk_size=128 overlap_chunks=5
[CONFIG] concurrent_queries=1 effective_concurrent_queries=1 stage3_threads=32
[PROFILE] Phase A (Data Preparation) wall: 0.294733 ms, GPU total: 0.042912 ms
[PROFILE]   1. Gather doc lengths      : 0.00512 ms (CPU launch: 0.005419 ms)
[PROFILE]   2. Prefix sum offsets      : 0.012288 ms (CPU launch: 0.013242 ms)
[PROFILE]   3. Gather doc token ids    : 0.009216 ms (CPU launch: 0.005014 ms)
[PROFILE]   4. D2H metadata + sync     : 0.016288 ms (CPU launch: 0.016179 ms)
[PROFILE]   5. cudaStreamSynchronize   : 0.243306 ms
[PROFILE]   6. cudaEventElapsedTime x5 : 0.009847 ms
[PROFILE]   GPU sum accounted           : 0.042912 ms
[PROFILE] Phase B wall time: 0.113747 ms
[PROFILE] Phase C: wait_d2h=0.081 ms, topk=0.035 ms, identify=0.018 ms, prepare=0.000 ms, cpu_refine=0.487 ms, combine=0.006 ms (total=0.639 ms, 240 docs)
[PROFILE] Total wall time for Phase A + B + C: 1.04779 ms
[SEARCH] Total wall-clock time: 1.78169 ms
[5.397 s] label=single GPU search time for 2931 queries.
[SEARCH] End-to-end measured time: 5396.999 ms
[SEARCH] Average latency per query: 1.841 ms
[SEARCH] Throughput: 543.080 qps
[SEARCH] Query latency distribution (ms): min=1.444, p50=1.813, p90=1.949, p95=2.018, p99=2.307, max=8.006, stddev=0.291
Recall@100: 0.909263
Recall@10: 0.957489
[GPU_MEM] current=14165.38 MiB, peak=14165.38 MiB, total=32494.12 MiB, samples=9, peak_label=config_end:single
