[driver] command=/scratch3/workspace/juelinliu_umass_edu-gpu-mvr/gpu-mvr/gpu-mvr/build/gpu_search_nolut_nosum --query /scratch3/workspace/juelinliu_umass_edu-gpu-mvr/gpu-mvr/dataset/lotte/raw/query.bin --gt /scratch3/workspace/juelinliu_umass_edu-gpu-mvr/gpu-mvr/dataset/lotte/raw/gt.tsv --index /scratch3/workspace/juelinliu_umass_edu-gpu-mvr/gpu-mvr/dataset/lotte/gpu_mvr_2m --k 100 --nq -1 --warmup 5 --nprobe 64 --k-rank-cluster 2400 --k-rank-all-tokens 240 --itopk-size 128 --overlap-chunks 5 --concurrent-queries 1
[driver] dataset=lotte
[driver] system=chimera_nolut_nosum
[driver] config_label=r090_c1
>>> Loaded 2931 queries, each with 32 embeddings of dimension 128
>>> Loaded 2428854 document lengths
[RUN] Constructing shared chimera index with 1 query slot(s) from /scratch3/workspace/juelinliu_umass_edu-gpu-mvr/gpu-mvr/dataset/lotte/gpu_mvr_2m using max runtime config: nprobe=64 k_rank_cluster=2400 k_rank_all_tokens=240 itopk_size=128 overlap_chunks=5
FhtKacRotator is selected
FhtKacRotator is selected
max cluster size: 5383
FhtKacRotator is selected
[gpu_mvr] Using cluster-ordered layout (7108.45 MB)
[chimera] Stage1 align mode: compact_align with shifted cluster loads
max cluster size: 5383
workspace_probe_cluster_bound: 64
workspace_probe_token_bound_per_query: 155969
workspace_probe_unique_doc_bound_per_query: 127479
max_compact_docs: 2428854  (num_docs=2428854)
initial_compact_doc_capacity: 65536
preallocated_compact_doc_capacity: 196608
workspace_stage2_candidate_token_bound: 414348
workspace_stage2_topk_token_bound: 42016
Initial GPU memory required for chimera workspace: 26.6007 MB
[workspace][chimera] Growing compact doc capacity from 0 to 196608 rows (required=196608)
[CONFIG] label=single nprobe=64 k_rank_cluster=2400 k_rank_all_tokens=240 itopk_size=128 overlap_chunks=5
[CONFIG] concurrent_queries=1 effective_concurrent_queries=1 stage3_threads=32
[PROFILE] Phase A (Data Preparation) wall: 0.44418 ms, GPU total: 0.04448 ms
[PROFILE]   1. Gather doc lengths      : 0.00512 ms (CPU launch: 0.005887 ms)
[PROFILE]   2. Prefix sum offsets      : 0.011264 ms (CPU launch: 0.013448 ms)
[PROFILE]   3. Gather clustered pos    : 0.011264 ms (CPU launch: 0.005443 ms)
[PROFILE]   4. D2H metadata + sync     : 0.016832 ms (CPU launch: 0.01403 ms)
[PROFILE]   5. cudaStreamSynchronize   : 0.393184 ms
[PROFILE]   6. cudaEventElapsedTime x5 : 0.010144 ms
[PROFILE]   GPU sum accounted           : 0.04448 ms
[PROFILE] Phase B wall time: 0.111014 ms
[PROFILE] Phase C: wait_d2h=2.005 ms, topk=0.040 ms, identify=0.016 ms, prepare=0.000 ms, cpu_refine=0.930 ms, combine=0.006 ms (total=3.034 ms, 240 docs)
[PROFILE] Total wall time for Phase A + B + C: 3.5888 ms
[SEARCH] Total wall-clock time: 4.24645 ms
[12.7462 s] label=single GPU search time for 2931 queries.
[SEARCH] End-to-end measured time: 12746.202 ms
[SEARCH] Average latency per query: 4.348 ms
[SEARCH] Throughput: 229.951 qps
[SEARCH] Query latency distribution (ms): min=2.911, p50=4.322, p90=4.677, p95=4.774, p99=6.606, max=11.746, stddev=0.726
Recall@100: 0.909263
Recall@10: 0.957489
[GPU_MEM] current=9085.38 MiB, peak=9085.38 MiB, total=32494.12 MiB, samples=9, peak_label=config_end:single
