[driver] command=/scratch3/workspace/juelinliu_umass_edu-gpu-mvr/gpu-mvr/gpu-mvr/build/gpu_search_nolut_nosum --query /scratch3/workspace/juelinliu_umass_edu-gpu-mvr/gpu-mvr/dataset/lotte/raw/query.bin --gt /scratch3/workspace/juelinliu_umass_edu-gpu-mvr/gpu-mvr/dataset/lotte/raw/gt.tsv --index /scratch3/workspace/juelinliu_umass_edu-gpu-mvr/gpu-mvr/dataset/lotte/gpu_mvr_2m --k 100 --nq -1 --warmup 5 --nprobe 64 --k-rank-cluster 2400 --k-rank-all-tokens 240 --itopk-size 128 --overlap-chunks 5 --concurrent-queries 1
[driver] dataset=lotte
[driver] system=chimera_nolut_nosum
[driver] config_label=r090_c1
>>> Loaded 2931 queries, each with 32 embeddings of dimension 128
>>> Loaded 2428854 document lengths
[RUN] Constructing shared chimera index with 1 query slot(s) from /scratch3/workspace/juelinliu_umass_edu-gpu-mvr/gpu-mvr/dataset/lotte/gpu_mvr_2m using max runtime config: nprobe=64 k_rank_cluster=2400 k_rank_all_tokens=240 itopk_size=128 overlap_chunks=5
FhtKacRotator is selected
FhtKacRotator is selected
max cluster size: 5383
FhtKacRotator is selected
[gpu_mvr] Using cluster-ordered layout (7108.45 MB)
[chimera] Stage1 align mode: compact_align with shifted cluster loads
max cluster size: 5383
workspace_probe_cluster_bound: 64
workspace_probe_token_bound_per_query: 155969
workspace_probe_unique_doc_bound_per_query: 127479
max_compact_docs: 2428854  (num_docs=2428854)
initial_compact_doc_capacity: 65536
preallocated_compact_doc_capacity: 196608
workspace_stage2_candidate_token_bound: 414348
workspace_stage2_topk_token_bound: 42016
Initial GPU memory required for chimera workspace: 26.6007 MB
[workspace][chimera] Growing compact doc capacity from 0 to 196608 rows (required=196608)
[CONFIG] label=single nprobe=64 k_rank_cluster=2400 k_rank_all_tokens=240 itopk_size=128 overlap_chunks=5
[CONFIG] concurrent_queries=1 effective_concurrent_queries=1 stage3_threads=32
[PROFILE] Phase A (Data Preparation) wall: 0.442739 ms, GPU total: 0.042432 ms
[PROFILE]   1. Gather doc lengths      : 0.006144 ms (CPU launch: 0.00541 ms)
[PROFILE]   2. Prefix sum offsets      : 0.01024 ms (CPU launch: 0.01287 ms)
[PROFILE]   3. Gather clustered pos    : 0.011264 ms (CPU launch: 0.00518 ms)
[PROFILE]   4. D2H metadata + sync     : 0.014784 ms (CPU launch: 0.014305 ms)
[PROFILE]   5. cudaStreamSynchronize   : 0.393357 ms
[PROFILE]   6. cudaEventElapsedTime x5 : 0.009669 ms
[PROFILE]   GPU sum accounted           : 0.042432 ms
[PROFILE] Phase B wall time: 0.123028 ms
[PROFILE] Phase C: wait_d2h=2.599 ms, topk=0.040 ms, identify=0.018 ms, prepare=0.000 ms, cpu_refine=0.327 ms, combine=0.008 ms (total=3.005 ms, 240 docs)
[PROFILE] Total wall time for Phase A + B + C: 3.57068 ms
[SEARCH] Total wall-clock time: 4.24532 ms
[12.9154 s] label=single GPU search time for 2931 queries.
[SEARCH] End-to-end measured time: 12915.407 ms
[SEARCH] Average latency per query: 4.406 ms
[SEARCH] Throughput: 226.938 qps
[SEARCH] Query latency distribution (ms): min=2.927, p50=4.338, p90=4.693, p95=4.803, p99=9.061, max=16.730, stddev=0.880
Recall@100: 0.909256
Recall@10: 0.957421
[GPU_MEM] current=9085.38 MiB, peak=9085.38 MiB, total=32494.12 MiB, samples=9, peak_label=config_end:single
