[driver] command=/scratch3/workspace/juelinliu_umass_edu-gpu-mvr/gpu-mvr/gpu-mvr/build/gpu_search_v9 --query /scratch3/workspace/juelinliu_umass_edu-gpu-mvr/gpu-mvr/dataset/lotte/raw/query.bin --gt /scratch3/workspace/juelinliu_umass_edu-gpu-mvr/gpu-mvr/dataset/lotte/raw/gt.tsv --index /scratch3/workspace/juelinliu_umass_edu-gpu-mvr/gpu-mvr/dataset/lotte/gpu_mvr_2m --k 100 --nq -1 --warmup 5 --concurrent-queries 1 --config-file /scratch3/workspace/juelinliu_umass_edu-gpu-mvr/gpu-mvr/config/tmp/chimera_variant_targets/20260429T164347Z/lotte/v9/targets090_095_slots1_runs3.csv
[driver] dataset=lotte
[driver] system=v9
[driver] config_file=/scratch3/workspace/juelinliu_umass_edu-gpu-mvr/gpu-mvr/config/tmp/chimera_variant_targets/20260429T164347Z/lotte/v9/targets090_095_slots1_runs3.csv
>>> Loaded 2931 queries, each with 32 embeddings of dimension 128
>>> Loaded 2428854 document lengths
[RUN] Constructing shared chimera index with 1 query slot(s) from /scratch3/workspace/juelinliu_umass_edu-gpu-mvr/gpu-mvr/dataset/lotte/gpu_mvr_2m using max runtime config: nprobe=128 k_rank_cluster=4000 k_rank_all_tokens=400 itopk_size=192 overlap_chunks=5
FhtKacRotator is selected
FhtKacRotator is selected
max cluster size: 5383
FhtKacRotator is selected
[gpu_mvr] Using cluster-ordered layout (7108.45 MB)
[chimera] Stage1 align mode: compact_align with shifted cluster loads
max cluster size: 5383
workspace_probe_cluster_bound: 128
workspace_probe_token_bound_per_query: 279074
workspace_probe_unique_doc_bound_per_query: 233860
max_compact_docs: 2428854  (num_docs=2428854)
initial_compact_doc_capacity: 131072
preallocated_compact_doc_capacity: 327680
workspace_stage2_candidate_token_bound: 687948
workspace_stage2_topk_token_bound: 69856
Initial GPU memory required for chimera workspace: 44.1068 MB
[workspace][chimera] Growing compact doc capacity from 0 to 327680 rows (required=327680)
[CONFIG] label=r090_c1_run1 nprobe=64 k_rank_cluster=2400 k_rank_all_tokens=240 itopk_size=128 overlap_chunks=5
[CONFIG] concurrent_queries=1 effective_concurrent_queries=1 stage3_threads=32
[PROFILE] Phase A (Data Preparation) wall: 0.313511 ms, GPU total: 0.04816 ms
[PROFILE]   1. Gather doc lengths      : 0.006144 ms (CPU launch: 0.005438 ms)
[PROFILE]   2. Prefix sum offsets      : 0.011264 ms (CPU launch: 0.013028 ms)
[PROFILE]   3. Gather doc token ids    : 0.01024 ms (CPU launch: 0.004921 ms)
[PROFILE]   4. D2H metadata + sync     : 0.020512 ms (CPU launch: 0.014221 ms)
[PROFILE]   5. cudaStreamSynchronize   : 0.262055 ms
[PROFILE]   6. cudaEventElapsedTime x5 : 0.009983 ms
[PROFILE]   GPU sum accounted           : 0.04816 ms
[PROFILE] Phase B wall time: 0.111346 ms
[PROFILE] Phase C: wait_d2h=0.227 ms, topk=0.036 ms, identify=0.017 ms, prepare=0.000 ms, cpu_refine=0.299 ms, combine=0.006 ms (total=0.617 ms, 240 docs)
[PROFILE] Total wall time for Phase A + B + C: 1.04225 ms
[SEARCH] Total wall-clock time: 1.77289 ms
[5.61149 s] label=r090_c1_run1 GPU search time for 2931 queries.
[SEARCH] End-to-end measured time: 5611.487 ms
[SEARCH] Average latency per query: 1.914 ms
[SEARCH] Throughput: 522.321 qps
[SEARCH] Query latency distribution (ms): min=1.480, p50=1.846, p90=2.015, p95=2.102, p99=4.379, max=11.849, stddev=0.624
Recall@100: 0.909253
Recall@10: 0.957421
[CONFIG] label=r090_c1_run2 nprobe=64 k_rank_cluster=2400 k_rank_all_tokens=240 itopk_size=128 overlap_chunks=5
[CONFIG] concurrent_queries=1 effective_concurrent_queries=1 stage3_threads=32
[PROFILE] Phase A (Data Preparation) wall: 0.259006 ms, GPU total: 0.04032 ms
[PROFILE]   1. Gather doc lengths      : 0.006144 ms (CPU launch: 0.005204 ms)
[PROFILE]   2. Prefix sum offsets      : 0.01024 ms (CPU launch: 0.011873 ms)
[PROFILE]   3. Gather doc token ids    : 0.009216 ms (CPU launch: 0.005116 ms)
[PROFILE]   4. D2H metadata + sync     : 0.01472 ms (CPU launch: 0.014092 ms)
[PROFILE]   5. cudaStreamSynchronize   : 0.210991 ms
[PROFILE]   6. cudaEventElapsedTime x5 : 0.009635 ms
[PROFILE]   GPU sum accounted           : 0.04032 ms
[PROFILE] Phase B wall time: 0.108287 ms
[PROFILE] Phase C: wait_d2h=0.082 ms, topk=0.038 ms, identify=0.017 ms, prepare=0.000 ms, cpu_refine=0.431 ms, combine=0.006 ms (total=0.587 ms, 240 docs)
[PROFILE] Total wall time for Phase A + B + C: 0.954141 ms
[SEARCH] Total wall-clock time: 1.61178 ms
[5.74798 s] label=r090_c1_run2 GPU search time for 2931 queries.
[SEARCH] End-to-end measured time: 5747.985 ms
[SEARCH] Average latency per query: 1.961 ms
[SEARCH] Throughput: 509.918 qps
[SEARCH] Query latency distribution (ms): min=1.491, p50=1.884, p90=2.091, p95=2.184, p99=4.741, max=9.460, stddev=0.618
Recall@100: 0.909273
Recall@10: 0.957489
[CONFIG] label=r090_c1_run3 nprobe=64 k_rank_cluster=2400 k_rank_all_tokens=240 itopk_size=128 overlap_chunks=5
[CONFIG] concurrent_queries=1 effective_concurrent_queries=1 stage3_threads=32
[PROFILE] Phase A (Data Preparation) wall: 0.258802 ms, GPU total: 0.041408 ms
[PROFILE]   1. Gather doc lengths      : 0.00512 ms (CPU launch: 0.005467 ms)
[PROFILE]   2. Prefix sum offsets      : 0.011264 ms (CPU launch: 0.01179 ms)
[PROFILE]   3. Gather doc token ids    : 0.008192 ms (CPU launch: 0.004841 ms)
[PROFILE]   4. D2H metadata + sync     : 0.016832 ms (CPU launch: 0.013764 ms)
[PROFILE]   5. cudaStreamSynchronize   : 0.210831 ms
[PROFILE]   6. cudaEventElapsedTime x5 : 0.009837 ms
[PROFILE]   GPU sum accounted           : 0.041408 ms
[PROFILE] Phase B wall time: 0.109484 ms
[PROFILE] Phase C: wait_d2h=0.131 ms, topk=0.047 ms, identify=0.016 ms, prepare=0.000 ms, cpu_refine=0.343 ms, combine=0.006 ms (total=0.554 ms, 240 docs)
[PROFILE] Total wall time for Phase A + B + C: 0.92234 ms
[SEARCH] Total wall-clock time: 1.57613 ms
[5.17227 s] label=r090_c1_run3 GPU search time for 2931 queries.
[SEARCH] End-to-end measured time: 5172.272 ms
[SEARCH] Average latency per query: 1.764 ms
[SEARCH] Throughput: 566.676 qps
[SEARCH] Query latency distribution (ms): min=1.440, p50=1.748, p90=1.885, p95=1.947, p99=2.101, max=10.048, stddev=0.254
Recall@100: 0.909294
Recall@10: 0.957455
[CONFIG] label=r095_f1_run1 nprobe=128 k_rank_cluster=4000 k_rank_all_tokens=400 itopk_size=192 overlap_chunks=5
[CONFIG] concurrent_queries=1 effective_concurrent_queries=1 stage3_threads=32
[PROFILE] Phase A (Data Preparation) wall: 0.516649 ms, GPU total: 0.048992 ms
[PROFILE]   1. Gather doc lengths      : 0.00512 ms (CPU launch: 0.005196 ms)
[PROFILE]   2. Prefix sum offsets      : 0.011264 ms (CPU launch: 0.012482 ms)
[PROFILE]   3. Gather doc token ids    : 0.011264 ms (CPU launch: 0.004735 ms)
[PROFILE]   4. D2H metadata + sync     : 0.021344 ms (CPU launch: 0.025178 ms)
[PROFILE]   5. cudaStreamSynchronize   : 0.457304 ms
[PROFILE]   6. cudaEventElapsedTime x5 : 0.009678 ms
[PROFILE]   GPU sum accounted           : 0.048992 ms
[PROFILE] Phase B wall time: 0.118979 ms
[PROFILE] Phase C: wait_d2h=0.261 ms, topk=0.050 ms, identify=0.029 ms, prepare=0.000 ms, cpu_refine=0.461 ms, combine=0.009 ms (total=0.820 ms, 400 docs)
[PROFILE] Total wall time for Phase A + B + C: 1.45552 ms
[SEARCH] Total wall-clock time: 2.19292 ms
[7.1039 s] label=r095_f1_run1 GPU search time for 2931 queries.
[SEARCH] End-to-end measured time: 7103.903 ms
[SEARCH] Average latency per query: 2.423 ms
[SEARCH] Throughput: 412.590 qps
[SEARCH] Query latency distribution (ms): min=1.873, p50=2.338, p90=2.635, p95=2.718, p99=5.244, max=14.151, stddev=0.706
Recall@100: 0.950699
Recall@10: 0.962811
[CONFIG] label=r095_f1_run2 nprobe=128 k_rank_cluster=4000 k_rank_all_tokens=400 itopk_size=192 overlap_chunks=5
[CONFIG] concurrent_queries=1 effective_concurrent_queries=1 stage3_threads=32
[PROFILE] Phase A (Data Preparation) wall: 0.512639 ms, GPU total: 0.042752 ms
[PROFILE]   1. Gather doc lengths      : 0.006144 ms (CPU launch: 0.005241 ms)
[PROFILE]   2. Prefix sum offsets      : 0.011264 ms (CPU launch: 0.012323 ms)
[PROFILE]   3. Gather doc token ids    : 0.01024 ms (CPU launch: 0.004745 ms)
[PROFILE]   4. D2H metadata + sync     : 0.015104 ms (CPU launch: 0.022484 ms)
[PROFILE]   5. cudaStreamSynchronize   : 0.455795 ms
[PROFILE]   6. cudaEventElapsedTime x5 : 0.009939 ms
[PROFILE]   GPU sum accounted           : 0.042752 ms
[PROFILE] Phase B wall time: 0.115489 ms
[PROFILE] Phase C: wait_d2h=0.184 ms, topk=0.050 ms, identify=0.029 ms, prepare=0.000 ms, cpu_refine=1.030 ms, combine=0.008 ms (total=1.311 ms, 400 docs)
[PROFILE] Total wall time for Phase A + B + C: 1.93969 ms
[SEARCH] Total wall-clock time: 2.68644 ms
[7.01113 s] label=r095_f1_run2 GPU search time for 2931 queries.
[SEARCH] End-to-end measured time: 7011.129 ms
[SEARCH] Average latency per query: 2.392 ms
[SEARCH] Throughput: 418.050 qps
[SEARCH] Query latency distribution (ms): min=1.851, p50=2.344, p90=2.582, p95=2.682, p99=4.607, max=8.315, stddev=0.405
Recall@100: 0.950658
Recall@10: 0.962845
[CONFIG] label=r095_f1_run3 nprobe=128 k_rank_cluster=4000 k_rank_all_tokens=400 itopk_size=192 overlap_chunks=5
[CONFIG] concurrent_queries=1 effective_concurrent_queries=1 stage3_threads=32
[PROFILE] Phase A (Data Preparation) wall: 0.524243 ms, GPU total: 0.048992 ms
[PROFILE]   1. Gather doc lengths      : 0.006144 ms (CPU launch: 0.005352 ms)
[PROFILE]   2. Prefix sum offsets      : 0.01024 ms (CPU launch: 0.012268 ms)
[PROFILE]   3. Gather doc token ids    : 0.011264 ms (CPU launch: 0.004868 ms)
[PROFILE]   4. D2H metadata + sync     : 0.021344 ms (CPU launch: 0.024728 ms)
[PROFILE]   5. cudaStreamSynchronize   : 0.464491 ms
[PROFILE]   6. cudaEventElapsedTime x5 : 0.009874 ms
[PROFILE]   GPU sum accounted           : 0.048992 ms
[PROFILE] Phase B wall time: 0.107621 ms
[PROFILE] Phase C: wait_d2h=0.303 ms, topk=0.050 ms, identify=0.027 ms, prepare=0.000 ms, cpu_refine=0.381 ms, combine=0.008 ms (total=0.780 ms, 400 docs)
[PROFILE] Total wall time for Phase A + B + C: 1.41182 ms
[SEARCH] Total wall-clock time: 2.15098 ms
[6.55579 s] label=r095_f1_run3 GPU search time for 2931 queries.
[SEARCH] End-to-end measured time: 6555.792 ms
[SEARCH] Average latency per query: 2.236 ms
[SEARCH] Throughput: 447.086 qps
[SEARCH] Query latency distribution (ms): min=1.818, p50=2.208, p90=2.378, p95=2.446, p99=2.714, max=9.315, stddev=0.304
Recall@100: 0.950682
Recall@10: 0.962845
[GPU_MEM] current=14217.38 MiB, peak=14217.38 MiB, total=32494.12 MiB, samples=49, peak_label=config_end:r095_f1_run3
