[driver] command=/scratch3/workspace/juelinliu_umass_edu-gpu-mvr/gpu-mvr/gpu-mvr/build/gpu_search --query /scratch3/workspace/juelinliu_umass_edu-gpu-mvr/gpu-mvr/dataset/lotte/raw/query.bin --gt /scratch3/workspace/juelinliu_umass_edu-gpu-mvr/gpu-mvr/dataset/lotte/raw/gt.tsv --index /scratch3/workspace/juelinliu_umass_edu-gpu-mvr/gpu-mvr/dataset/lotte/gpu_mvr_2m --k 100 --nq -1 --warmup 5 --concurrent-queries 4 --config-file /scratch3/workspace/juelinliu_umass_edu-gpu-mvr/gpu-mvr/config/tmp/chimera_slot_targets/20260429T180041Z/lotte/chimera/targets090_095_slots4_runs3.csv
[driver] dataset=lotte
[driver] system=chimera
[driver] config_file=/scratch3/workspace/juelinliu_umass_edu-gpu-mvr/gpu-mvr/config/tmp/chimera_slot_targets/20260429T180041Z/lotte/chimera/targets090_095_slots4_runs3.csv
>>> Loaded 2931 queries, each with 32 embeddings of dimension 128
>>> Loaded 2428854 document lengths
[RUN] Constructing shared chimera index with 4 query slot(s) from /scratch3/workspace/juelinliu_umass_edu-gpu-mvr/gpu-mvr/dataset/lotte/gpu_mvr_2m using max runtime config: nprobe=128 k_rank_cluster=4000 k_rank_all_tokens=400 itopk_size=192 overlap_chunks=5
FhtKacRotator is selected
FhtKacRotator is selected
max cluster size: 5383
FhtKacRotator is selected
[gpu_mvr] Using cluster-ordered layout (7108.45 MB)
[chimera] Stage1 align mode: compact_align with shifted cluster loads
max cluster size: 5383
workspace_probe_cluster_bound: 128
workspace_probe_token_bound_per_query: 279074
workspace_probe_unique_doc_bound_per_query: 233860
max_compact_docs: 2428854  (num_docs=2428854)
initial_compact_doc_capacity: 131072
preallocated_compact_doc_capacity: 327680
workspace_stage2_candidate_token_bound: 687948
workspace_stage2_topk_token_bound: 69856
Initial GPU memory required for chimera workspace: 44.1068 MB
[workspace][chimera] Growing compact doc capacity from 0 to 327680 rows (required=327680)
max cluster size: 5383
workspace_probe_cluster_bound: 128
workspace_probe_token_bound_per_query: 279074
workspace_probe_unique_doc_bound_per_query: 233860
max_compact_docs: 2428854  (num_docs=2428854)
initial_compact_doc_capacity: 131072
preallocated_compact_doc_capacity: 327680
workspace_stage2_candidate_token_bound: 687948
workspace_stage2_topk_token_bound: 69856
Initial GPU memory required for chimera workspace: 44.1068 MB
[workspace][chimera] Growing compact doc capacity from 0 to 327680 rows (required=327680)
max cluster size: 5383
workspace_probe_cluster_bound: 128
workspace_probe_token_bound_per_query: 279074
workspace_probe_unique_doc_bound_per_query: 233860
max_compact_docs: 2428854  (num_docs=2428854)
initial_compact_doc_capacity: 131072
preallocated_compact_doc_capacity: 327680
workspace_stage2_candidate_token_bound: 687948
workspace_stage2_topk_token_bound: 69856
Initial GPU memory required for chimera workspace: 44.1068 MB
[workspace][chimera] Growing compact doc capacity from 0 to 327680 rows (required=327680)
max cluster size: 5383
workspace_probe_cluster_bound: 128
workspace_probe_token_bound_per_query: 279074
workspace_probe_unique_doc_bound_per_query: 233860
max_compact_docs: 2428854  (num_docs=2428854)
initial_compact_doc_capacity: 131072
preallocated_compact_doc_capacity: 327680
workspace_stage2_candidate_token_bound: 687948
workspace_stage2_topk_token_bound: 69856
Initial GPU memory required for chimera workspace: 44.1068 MB
[workspace][chimera] Growing compact doc capacity from 0 to 327680 rows (required=327680)
[CONFIG] label=r090_c1_run1 nprobe=64 k_rank_cluster=2400 k_rank_all_tokens=240 itopk_size=128 overlap_chunks=5
[CONFIG] concurrent_queries=4 effective_concurrent_queries=4 stage3_threads=8
[PROFILE] Phase A (Data Preparation) wall: 0.306553 ms, GPU total: 0.048768 ms
[PROFILE]   1. Gather doc lengths      : 0.006144 ms (CPU launch: 0.006033 ms)
[PROFILE]   2. Prefix sum offsets      : 0.012288 ms (CPU launch: 0.023597 ms)
[PROFILE]   3. Gather clustered pos    : 0.012288 ms (CPU launch: 0.005689 ms)
[PROFILE]   4. D2H metadata + sync     : 0.018048 ms (CPU launch: 0.015199 ms)
[PROFILE]   5. cudaStreamSynchronize   : 0.243911 ms
[PROFILE]   6. cudaEventElapsedTime x5 : 0.010297 ms
[PROFILE]   GPU sum accounted           : 0.048768 ms
[PROFILE] Phase B wall time: 0.120451 ms
[PROFILE] Phase C: wait_d2h=0.095 ms, topk=0.033 ms, identify=0.016 ms, prepare=0.000 ms, cpu_refine=0.764 ms, combine=0.011 ms (total=0.925 ms, 240 docs)
[PROFILE] Total wall time for Phase A + B + C: 1.35203 ms
[SEARCH] Total wall-clock time: 2.11844 ms
[3.07494 s] label=r090_c1_run1 GPU search time for 2931 queries.
[SEARCH] End-to-end measured time: 3074.935 ms
[SEARCH] Average latency per query: 4.193 ms
[SEARCH] Throughput: 953.191 qps
[SEARCH] Query latency distribution (ms): min=2.350, p50=4.066, p90=4.529, p95=4.806, p99=9.721, max=19.870, stddev=1.129
Recall@100: 0.909226
Recall@10: 0.957421
[CONFIG] label=r090_c1_run2 nprobe=64 k_rank_cluster=2400 k_rank_all_tokens=240 itopk_size=128 overlap_chunks=5
[CONFIG] concurrent_queries=4 effective_concurrent_queries=4 stage3_threads=8
[PROFILE] Phase A (Data Preparation) wall: 0.256578 ms, GPU total: 0.041152 ms
[PROFILE]   1. Gather doc lengths      : 0.006144 ms (CPU launch: 0.005698 ms)
[PROFILE]   2. Prefix sum offsets      : 0.01024 ms (CPU launch: 0.01243 ms)
[PROFILE]   3. Gather clustered pos    : 0.011264 ms (CPU launch: 0.005692 ms)
[PROFILE]   4. D2H metadata + sync     : 0.013504 ms (CPU launch: 0.015959 ms)
[PROFILE]   5. cudaStreamSynchronize   : 0.204097 ms
[PROFILE]   6. cudaEventElapsedTime x5 : 0.010197 ms
[PROFILE]   GPU sum accounted           : 0.041152 ms
[PROFILE] Phase B wall time: 0.116396 ms
[PROFILE] Phase C: wait_d2h=0.080 ms, topk=0.038 ms, identify=0.015 ms, prepare=0.000 ms, cpu_refine=0.840 ms, combine=0.005 ms (total=0.983 ms, 240 docs)
[PROFILE] Total wall time for Phase A + B + C: 1.35581 ms
[SEARCH] Total wall-clock time: 2.0199 ms
[2.97561 s] label=r090_c1_run2 GPU search time for 2931 queries.
[SEARCH] End-to-end measured time: 2975.608 ms
[SEARCH] Average latency per query: 4.057 ms
[SEARCH] Throughput: 985.009 qps
[SEARCH] Query latency distribution (ms): min=2.588, p50=3.979, p90=4.399, p95=4.600, p99=5.658, max=15.085, stddev=0.795
Recall@100: 0.909246
Recall@10: 0.957387
[CONFIG] label=r090_c1_run3 nprobe=64 k_rank_cluster=2400 k_rank_all_tokens=240 itopk_size=128 overlap_chunks=5
[CONFIG] concurrent_queries=4 effective_concurrent_queries=4 stage3_threads=8
[PROFILE] Phase A (Data Preparation) wall: 0.246022 ms, GPU total: 0.041536 ms
[PROFILE]   1. Gather doc lengths      : 0.006144 ms (CPU launch: 0.005431 ms)
[PROFILE]   2. Prefix sum offsets      : 0.01024 ms (CPU launch: 0.012763 ms)
[PROFILE]   3. Gather clustered pos    : 0.012288 ms (CPU launch: 0.005562 ms)
[PROFILE]   4. D2H metadata + sync     : 0.012864 ms (CPU launch: 0.015042 ms)
[PROFILE]   5. cudaStreamSynchronize   : 0.195239 ms
[PROFILE]   6. cudaEventElapsedTime x5 : 0.009879 ms
[PROFILE]   GPU sum accounted           : 0.041536 ms
[PROFILE] Phase B wall time: 0.119646 ms
[PROFILE] Phase C: wait_d2h=0.077 ms, topk=0.038 ms, identify=0.015 ms, prepare=0.000 ms, cpu_refine=0.913 ms, combine=0.005 ms (total=1.053 ms, 240 docs)
[PROFILE] Total wall time for Phase A + B + C: 1.41911 ms
[SEARCH] Total wall-clock time: 2.10518 ms
[2.98445 s] label=r090_c1_run3 GPU search time for 2931 queries.
[SEARCH] End-to-end measured time: 2984.445 ms
[SEARCH] Average latency per query: 4.069 ms
[SEARCH] Throughput: 982.092 qps
[SEARCH] Query latency distribution (ms): min=2.467, p50=4.016, p90=4.412, p95=4.583, p99=6.613, max=16.521, stddev=0.693
Recall@100: 0.909311
Recall@10: 0.957387
[CONFIG] label=r095_f1_run1 nprobe=128 k_rank_cluster=4000 k_rank_all_tokens=400 itopk_size=192 overlap_chunks=5
[CONFIG] concurrent_queries=4 effective_concurrent_queries=4 stage3_threads=8
[PROFILE] Phase A (Data Preparation) wall: 0.495743 ms, GPU total: 0.04592 ms
[PROFILE]   1. Gather doc lengths      : 0.00512 ms (CPU launch: 0.017663 ms)
[PROFILE]   2. Prefix sum offsets      : 0.011264 ms (CPU launch: 0.012376 ms)
[PROFILE]   3. Gather clustered pos    : 0.014336 ms (CPU launch: 0.005394 ms)
[PROFILE]   4. D2H metadata + sync     : 0.0152 ms (CPU launch: 0.015517 ms)
[PROFILE]   5. cudaStreamSynchronize   : 0.434941 ms
[PROFILE]   6. cudaEventElapsedTime x5 : 0.007671 ms
[PROFILE]   GPU sum accounted           : 0.04592 ms
[PROFILE] Phase B wall time: 0.130621 ms
[PROFILE] Phase C: wait_d2h=0.119 ms, topk=0.061 ms, identify=0.028 ms, prepare=0.000 ms, cpu_refine=1.843 ms, combine=0.008 ms (total=2.066 ms, 400 docs)
[PROFILE] Total wall time for Phase A + B + C: 2.69205 ms
[SEARCH] Total wall-clock time: 3.48731 ms
[4.45696 s] label=r095_f1_run1 GPU search time for 2931 queries.
[SEARCH] End-to-end measured time: 4456.961 ms
[SEARCH] Average latency per query: 6.078 ms
[SEARCH] Throughput: 657.623 qps
[SEARCH] Query latency distribution (ms): min=3.908, p50=6.028, p90=6.751, p95=7.026, p99=8.494, max=18.965, stddev=0.807
Recall@100: 0.95072
Recall@10: 0.962845
[CONFIG] label=r095_f1_run2 nprobe=128 k_rank_cluster=4000 k_rank_all_tokens=400 itopk_size=192 overlap_chunks=5
[CONFIG] concurrent_queries=4 effective_concurrent_queries=4 stage3_threads=8
[PROFILE] Phase A (Data Preparation) wall: 0.49774 ms, GPU total: 0.048032 ms
[PROFILE]   1. Gather doc lengths      : 0.00512 ms (CPU launch: 0.005362 ms)
[PROFILE]   2. Prefix sum offsets      : 0.012288 ms (CPU launch: 0.024096 ms)
[PROFILE]   3. Gather clustered pos    : 0.014336 ms (CPU launch: 0.005578 ms)
[PROFILE]   4. D2H metadata + sync     : 0.016288 ms (CPU launch: 0.014533 ms)
[PROFILE]   5. cudaStreamSynchronize   : 0.438539 ms
[PROFILE]   6. cudaEventElapsedTime x5 : 0.007557 ms
[PROFILE]   GPU sum accounted           : 0.048032 ms
[PROFILE] Phase B wall time: 0.129766 ms
[PROFILE] Phase C: wait_d2h=0.122 ms, topk=0.060 ms, identify=0.028 ms, prepare=0.000 ms, cpu_refine=1.880 ms, combine=0.007 ms (total=2.105 ms, 400 docs)
[PROFILE] Total wall time for Phase A + B + C: 2.73242 ms
[SEARCH] Total wall-clock time: 3.50161 ms
[4.41767 s] label=r095_f1_run2 GPU search time for 2931 queries.
[SEARCH] End-to-end measured time: 4417.669 ms
[SEARCH] Average latency per query: 6.026 ms
[SEARCH] Throughput: 663.472 qps
[SEARCH] Query latency distribution (ms): min=4.091, p50=5.989, p90=6.744, p95=6.980, p99=8.129, max=14.098, stddev=0.713
Recall@100: 0.950727
Recall@10: 0.962845
[CONFIG] label=r095_f1_run3 nprobe=128 k_rank_cluster=4000 k_rank_all_tokens=400 itopk_size=192 overlap_chunks=5
[CONFIG] concurrent_queries=4 effective_concurrent_queries=4 stage3_threads=8
[PROFILE] Phase A (Data Preparation) wall: 0.507919 ms, GPU total: 0.048384 ms
[PROFILE]   1. Gather doc lengths      : 0.006144 ms (CPU launch: 0.005384 ms)
[PROFILE]   2. Prefix sum offsets      : 0.012288 ms (CPU launch: 0.024391 ms)
[PROFILE]   3. Gather clustered pos    : 0.014336 ms (CPU launch: 0.005158 ms)
[PROFILE]   4. D2H metadata + sync     : 0.015616 ms (CPU launch: 0.01489 ms)
[PROFILE]   5. cudaStreamSynchronize   : 0.448465 ms
[PROFILE]   6. cudaEventElapsedTime x5 : 0.007637 ms
[PROFILE]   GPU sum accounted           : 0.048384 ms
[PROFILE] Phase B wall time: 0.136902 ms
[PROFILE] Phase C: wait_d2h=0.117 ms, topk=0.055 ms, identify=0.028 ms, prepare=0.000 ms, cpu_refine=1.554 ms, combine=0.007 ms (total=1.767 ms, 400 docs)
[PROFILE] Total wall time for Phase A + B + C: 2.41235 ms
[SEARCH] Total wall-clock time: 3.16907 ms
[4.41864 s] label=r095_f1_run3 GPU search time for 2931 queries.
[SEARCH] End-to-end measured time: 4418.637 ms
[SEARCH] Average latency per query: 6.027 ms
[SEARCH] Throughput: 663.327 qps
[SEARCH] Query latency distribution (ms): min=3.793, p50=5.998, p90=6.704, p95=6.990, p99=7.958, max=12.190, stddev=0.651
Recall@100: 0.950682
Recall@10: 0.962845
[GPU_MEM] current=9705.38 MiB, peak=9705.38 MiB, total=32494.12 MiB, samples=49, peak_label=config_end:r095_f1_run3
