[driver] command=/scratch3/workspace/juelinliu_umass_edu-gpu-mvr/gpu-mvr/gpu-mvr/build/gpu_search --query /scratch3/workspace/juelinliu_umass_edu-gpu-mvr/gpu-mvr/dataset/lotte/raw/query.bin --gt /scratch3/workspace/juelinliu_umass_edu-gpu-mvr/gpu-mvr/dataset/lotte/raw/gt.tsv --index /scratch3/workspace/juelinliu_umass_edu-gpu-mvr/gpu-mvr/dataset/lotte/gpu_mvr_2m --k 100 --nq -1 --warmup 5 --concurrent-queries 1 --config-file /scratch3/workspace/juelinliu_umass_edu-gpu-mvr/gpu-mvr/config/tmp/chimera_slot_targets/20260429T180041Z/lotte/chimera/targets090_095_slots1_runs3.csv
[driver] dataset=lotte
[driver] system=chimera
[driver] config_file=/scratch3/workspace/juelinliu_umass_edu-gpu-mvr/gpu-mvr/config/tmp/chimera_slot_targets/20260429T180041Z/lotte/chimera/targets090_095_slots1_runs3.csv
>>> Loaded 2931 queries, each with 32 embeddings of dimension 128
>>> Loaded 2428854 document lengths
[RUN] Constructing shared chimera index with 1 query slot(s) from /scratch3/workspace/juelinliu_umass_edu-gpu-mvr/gpu-mvr/dataset/lotte/gpu_mvr_2m using max runtime config: nprobe=128 k_rank_cluster=4000 k_rank_all_tokens=400 itopk_size=192 overlap_chunks=5
FhtKacRotator is selected
FhtKacRotator is selected
max cluster size: 5383
FhtKacRotator is selected
[gpu_mvr] Using cluster-ordered layout (7108.45 MB)
[chimera] Stage1 align mode: compact_align with shifted cluster loads
max cluster size: 5383
workspace_probe_cluster_bound: 128
workspace_probe_token_bound_per_query: 279074
workspace_probe_unique_doc_bound_per_query: 233860
max_compact_docs: 2428854  (num_docs=2428854)
initial_compact_doc_capacity: 131072
preallocated_compact_doc_capacity: 327680
workspace_stage2_candidate_token_bound: 687948
workspace_stage2_topk_token_bound: 69856
Initial GPU memory required for chimera workspace: 44.1068 MB
[workspace][chimera] Growing compact doc capacity from 0 to 327680 rows (required=327680)
[CONFIG] label=r090_c1_run1 nprobe=64 k_rank_cluster=2400 k_rank_all_tokens=240 itopk_size=128 overlap_chunks=5
[CONFIG] concurrent_queries=1 effective_concurrent_queries=1 stage3_threads=32
[PROFILE] Phase A (Data Preparation) wall: 0.313677 ms, GPU total: 0.051488 ms
[PROFILE]   1. Gather doc lengths      : 0.006144 ms (CPU launch: 0.005154 ms)
[PROFILE]   2. Prefix sum offsets      : 0.012288 ms (CPU launch: 0.013108 ms)
[PROFILE]   3. Gather clustered pos    : 0.012288 ms (CPU launch: 0.00701 ms)
[PROFILE]   4. D2H metadata + sync     : 0.020768 ms (CPU launch: 0.024112 ms)
[PROFILE]   5. cudaStreamSynchronize   : 0.252381 ms
[PROFILE]   6. cudaEventElapsedTime x5 : 0.00987 ms
[PROFILE]   GPU sum accounted           : 0.051488 ms
[PROFILE] Phase B wall time: 0.117115 ms
[PROFILE] Phase C: wait_d2h=0.007 ms, topk=0.039 ms, identify=0.025 ms, prepare=0.000 ms, cpu_refine=15.744 ms, combine=0.005 ms (total=20.257 ms, 240 docs)
[PROFILE] Total wall time for Phase A + B + C: 20.6882 ms
[SEARCH] Total wall-clock time: 21.4373 ms
[5.88758 s] label=r090_c1_run1 GPU search time for 2931 queries.
[SEARCH] End-to-end measured time: 5887.583 ms
[SEARCH] Average latency per query: 2.008 ms
[SEARCH] Throughput: 497.827 qps
[SEARCH] Query latency distribution (ms): min=1.518, p50=1.916, p90=2.149, p95=2.255, p99=2.791, max=18.381, stddev=0.885
Recall@100: 0.909311
Recall@10: 0.957489
[CONFIG] label=r090_c1_run2 nprobe=64 k_rank_cluster=2400 k_rank_all_tokens=240 itopk_size=128 overlap_chunks=5
[CONFIG] concurrent_queries=1 effective_concurrent_queries=1 stage3_threads=32
[PROFILE] Phase A (Data Preparation) wall: 0.257427 ms, GPU total: 0.042368 ms
[PROFILE]   1. Gather doc lengths      : 0.00512 ms (CPU launch: 0.005199 ms)
[PROFILE]   2. Prefix sum offsets      : 0.011264 ms (CPU launch: 0.012412 ms)
[PROFILE]   3. Gather clustered pos    : 0.01024 ms (CPU launch: 0.004658 ms)
[PROFILE]   4. D2H metadata + sync     : 0.015744 ms (CPU launch: 0.013873 ms)
[PROFILE]   5. cudaStreamSynchronize   : 0.209613 ms
[PROFILE]   6. cudaEventElapsedTime x5 : 0.009625 ms
[PROFILE]   GPU sum accounted           : 0.042368 ms
[PROFILE] Phase B wall time: 0.108883 ms
[PROFILE] Phase C: wait_d2h=0.225 ms, topk=0.037 ms, identify=0.015 ms, prepare=0.000 ms, cpu_refine=0.418 ms, combine=0.005 ms (total=0.711 ms, 240 docs)
[PROFILE] Total wall time for Phase A + B + C: 1.07777 ms
[SEARCH] Total wall-clock time: 1.73271 ms
[5.96351 s] label=r090_c1_run2 GPU search time for 2931 queries.
[SEARCH] End-to-end measured time: 5963.507 ms
[SEARCH] Average latency per query: 2.034 ms
[SEARCH] Throughput: 491.489 qps
[SEARCH] Query latency distribution (ms): min=1.537, p50=1.946, p90=2.120, p95=2.220, p99=5.296, max=17.056, stddev=0.859
Recall@100: 0.909266
Recall@10: 0.957489
[CONFIG] label=r090_c1_run3 nprobe=64 k_rank_cluster=2400 k_rank_all_tokens=240 itopk_size=128 overlap_chunks=5
[CONFIG] concurrent_queries=1 effective_concurrent_queries=1 stage3_threads=32
[PROFILE] Phase A (Data Preparation) wall: 0.264913 ms, GPU total: 0.04336 ms
[PROFILE]   1. Gather doc lengths      : 0.00512 ms (CPU launch: 0.004984 ms)
[PROFILE]   2. Prefix sum offsets      : 0.011264 ms (CPU launch: 0.011933 ms)
[PROFILE]   3. Gather clustered pos    : 0.011264 ms (CPU launch: 0.004856 ms)
[PROFILE]   4. D2H metadata + sync     : 0.015712 ms (CPU launch: 0.013731 ms)
[PROFILE]   5. cudaStreamSynchronize   : 0.217651 ms
[PROFILE]   6. cudaEventElapsedTime x5 : 0.009907 ms
[PROFILE]   GPU sum accounted           : 0.04336 ms
[PROFILE] Phase B wall time: 0.107879 ms
[PROFILE] Phase C: wait_d2h=0.297 ms, topk=0.040 ms, identify=0.015 ms, prepare=0.000 ms, cpu_refine=0.317 ms, combine=0.006 ms (total=0.687 ms, 240 docs)
[PROFILE] Total wall time for Phase A + B + C: 1.0602 ms
[SEARCH] Total wall-clock time: 1.71405 ms
[5.67662 s] label=r090_c1_run3 GPU search time for 2931 queries.
[SEARCH] End-to-end measured time: 5676.625 ms
[SEARCH] Average latency per query: 1.937 ms
[SEARCH] Throughput: 516.328 qps
[SEARCH] Query latency distribution (ms): min=1.470, p50=1.878, p90=2.026, p95=2.087, p99=2.492, max=14.568, stddev=0.719
Recall@100: 0.90929
Recall@10: 0.957489
[CONFIG] label=r095_f1_run1 nprobe=128 k_rank_cluster=4000 k_rank_all_tokens=400 itopk_size=192 overlap_chunks=5
[CONFIG] concurrent_queries=1 effective_concurrent_queries=1 stage3_threads=32
[PROFILE] Phase A (Data Preparation) wall: 0.521055 ms, GPU total: 0.051904 ms
[PROFILE]   1. Gather doc lengths      : 0.006144 ms (CPU launch: 0.005157 ms)
[PROFILE]   2. Prefix sum offsets      : 0.011264 ms (CPU launch: 0.012351 ms)
[PROFILE]   3. Gather clustered pos    : 0.014336 ms (CPU launch: 0.015948 ms)
[PROFILE]   4. D2H metadata + sync     : 0.02016 ms (CPU launch: 0.012289 ms)
[PROFILE]   5. cudaStreamSynchronize   : 0.462192 ms
[PROFILE]   6. cudaEventElapsedTime x5 : 0.009931 ms
[PROFILE]   GPU sum accounted           : 0.051904 ms
[PROFILE] Phase B wall time: 0.110046 ms
[PROFILE] Phase C: wait_d2h=0.291 ms, topk=0.048 ms, identify=0.027 ms, prepare=0.001 ms, cpu_refine=0.613 ms, combine=0.007 ms (total=0.999 ms, 400 docs)
[PROFILE] Total wall time for Phase A + B + C: 1.62969 ms
[SEARCH] Total wall-clock time: 2.38132 ms
[7.29024 s] label=r095_f1_run1 GPU search time for 2931 queries.
[SEARCH] End-to-end measured time: 7290.244 ms
[SEARCH] Average latency per query: 2.487 ms
[SEARCH] Throughput: 402.044 qps
[SEARCH] Query latency distribution (ms): min=1.927, p50=2.458, p90=2.625, p95=2.673, p99=4.695, max=8.111, stddev=0.441
Recall@100: 0.950693
Recall@10: 0.962845
[CONFIG] label=r095_f1_run2 nprobe=128 k_rank_cluster=4000 k_rank_all_tokens=400 itopk_size=192 overlap_chunks=5
[CONFIG] concurrent_queries=1 effective_concurrent_queries=1 stage3_threads=32
[PROFILE] Phase A (Data Preparation) wall: 0.521714 ms, GPU total: 0.05248 ms
[PROFILE]   1. Gather doc lengths      : 0.006144 ms (CPU launch: 0.005413 ms)
[PROFILE]   2. Prefix sum offsets      : 0.01024 ms (CPU launch: 0.012047 ms)
[PROFILE]   3. Gather clustered pos    : 0.01536 ms (CPU launch: 0.004986 ms)
[PROFILE]   4. D2H metadata + sync     : 0.020736 ms (CPU launch: 0.025591 ms)
[PROFILE]   5. cudaStreamSynchronize   : 0.461286 ms
[PROFILE]   6. cudaEventElapsedTime x5 : 0.010416 ms
[PROFILE]   GPU sum accounted           : 0.05248 ms
[PROFILE] Phase B wall time: 0.112456 ms
[PROFILE] Phase C: wait_d2h=0.380 ms, topk=0.056 ms, identify=0.026 ms, prepare=0.000 ms, cpu_refine=0.504 ms, combine=0.008 ms (total=0.984 ms, 400 docs)
[PROFILE] Total wall time for Phase A + B + C: 1.6179 ms
[SEARCH] Total wall-clock time: 2.35636 ms
[6.8746 s] label=r095_f1_run2 GPU search time for 2931 queries.
[SEARCH] End-to-end measured time: 6874.599 ms
[SEARCH] Average latency per query: 2.345 ms
[SEARCH] Throughput: 426.352 qps
[SEARCH] Query latency distribution (ms): min=1.862, p50=2.307, p90=2.484, p95=2.532, p99=2.707, max=9.176, stddev=0.396
Recall@100: 0.95073
Recall@10: 0.962811
[CONFIG] label=r095_f1_run3 nprobe=128 k_rank_cluster=4000 k_rank_all_tokens=400 itopk_size=192 overlap_chunks=5
[CONFIG] concurrent_queries=1 effective_concurrent_queries=1 stage3_threads=32
[PROFILE] Phase A (Data Preparation) wall: 0.516439 ms, GPU total: 0.046112 ms
[PROFILE]   1. Gather doc lengths      : 0.006144 ms (CPU launch: 0.005297 ms)
[PROFILE]   2. Prefix sum offsets      : 0.011264 ms (CPU launch: 0.012115 ms)
[PROFILE]   3. Gather clustered pos    : 0.014336 ms (CPU launch: 0.004734 ms)
[PROFILE]   4. D2H metadata + sync     : 0.014368 ms (CPU launch: 0.024959 ms)
[PROFILE]   5. cudaStreamSynchronize   : 0.457532 ms
[PROFILE]   6. cudaEventElapsedTime x5 : 0.010087 ms
[PROFILE]   GPU sum accounted           : 0.046112 ms
[PROFILE] Phase B wall time: 0.107066 ms
[PROFILE] Phase C: wait_d2h=0.305 ms, topk=0.059 ms, identify=0.026 ms, prepare=0.000 ms, cpu_refine=0.587 ms, combine=0.007 ms (total=0.996 ms, 400 docs)
[PROFILE] Total wall time for Phase A + B + C: 1.61991 ms
[SEARCH] Total wall-clock time: 2.35777 ms
[6.8207 s] label=r095_f1_run3 GPU search time for 2931 queries.
[SEARCH] End-to-end measured time: 6820.702 ms
[SEARCH] Average latency per query: 2.327 ms
[SEARCH] Throughput: 429.721 qps
[SEARCH] Query latency distribution (ms): min=1.908, p50=2.284, p90=2.465, p95=2.539, p99=2.657, max=15.176, stddev=0.551
Recall@100: 0.950696
Recall@10: 0.962845
[GPU_MEM] current=9139.38 MiB, peak=9139.38 MiB, total=32494.12 MiB, samples=49, peak_label=config_end:r095_f1_run3
