[driver] command=/scratch3/workspace/juelinliu_umass_edu-gpu-mvr/gpu-mvr/gpu-mvr/build/gpu_search --query /scratch3/workspace/juelinliu_umass_edu-gpu-mvr/gpu-mvr/dataset/msmarco/raw/query.bin --gt /scratch3/workspace/juelinliu_umass_edu-gpu-mvr/gpu-mvr/dataset/msmarco/raw/gt.tsv --index /scratch3/workspace/juelinliu_umass_edu-gpu-mvr/gpu-mvr/dataset/msmarco/gpu_mvr_2m --k 100 --nq -1 --warmup 5 --concurrent-queries 2 --config-file /scratch3/workspace/juelinliu_umass_edu-gpu-mvr/gpu-mvr/config/tmp/chimera_slot_targets/20260429T180041Z/msmarco/chimera/targets090_095_slots2_runs3.csv
[driver] dataset=msmarco
[driver] system=chimera
[driver] config_file=/scratch3/workspace/juelinliu_umass_edu-gpu-mvr/gpu-mvr/config/tmp/chimera_slot_targets/20260429T180041Z/msmarco/chimera/targets090_095_slots2_runs3.csv
>>> Loaded 6980 queries, each with 32 embeddings of dimension 128
>>> Loaded 8841823 document lengths
[RUN] Constructing shared chimera index with 2 query slot(s) from /scratch3/workspace/juelinliu_umass_edu-gpu-mvr/gpu-mvr/dataset/msmarco/gpu_mvr_2m using max runtime config: nprobe=96 k_rank_cluster=3200 k_rank_all_tokens=320 itopk_size=160 overlap_chunks=6
FhtKacRotator is selected
FhtKacRotator is selected
max cluster size: 5402
FhtKacRotator is selected
[gpu_mvr] Using cluster-ordered layout (15937.5 MB)
[chimera] Stage1 align mode: compact_align with shifted cluster loads
max cluster size: 5402
workspace_probe_cluster_bound: 96
workspace_probe_token_bound_per_query: 337837
workspace_probe_unique_doc_bound_per_query: 289215
max_compact_docs: 8841823  (num_docs=8841823)
initial_compact_doc_capacity: 131072
preallocated_compact_doc_capacity: 327680
workspace_stage2_candidate_token_bound: 542176
workspace_stage2_topk_token_bound: 56541
Initial GPU memory required for chimera workspace: 44.9638 MB
[workspace][chimera] Growing compact doc capacity from 0 to 327680 rows (required=327680)
max cluster size: 5402
workspace_probe_cluster_bound: 96
workspace_probe_token_bound_per_query: 337837
workspace_probe_unique_doc_bound_per_query: 289215
max_compact_docs: 8841823  (num_docs=8841823)
initial_compact_doc_capacity: 131072
preallocated_compact_doc_capacity: 327680
workspace_stage2_candidate_token_bound: 542176
workspace_stage2_topk_token_bound: 56541
Initial GPU memory required for chimera workspace: 44.9638 MB
[workspace][chimera] Growing compact doc capacity from 0 to 327680 rows (required=327680)
[CONFIG] label=r090_b2_run1 nprobe=64 k_rank_cluster=1800 k_rank_all_tokens=180 itopk_size=96 overlap_chunks=4
[CONFIG] concurrent_queries=2 effective_concurrent_queries=2 stage3_threads=16
[PROFILE] Phase A (Data Preparation) wall: 0.841985 ms, GPU total: 0.042144 ms
[PROFILE]   1. Gather doc lengths      : 0.006144 ms (CPU launch: 0.006013 ms)
[PROFILE]   2. Prefix sum offsets      : 0.012288 ms (CPU launch: 0.012505 ms)
[PROFILE]   3. Gather clustered pos    : 0.01024 ms (CPU launch: 0.005542 ms)
[PROFILE]   4. D2H metadata + sync     : 0.013472 ms (CPU launch: 0.016619 ms)
[PROFILE]   5. cudaStreamSynchronize   : 0.787558 ms
[PROFILE]   6. cudaEventElapsedTime x5 : 0.011779 ms
[PROFILE]   GPU sum accounted           : 0.042144 ms
[PROFILE] Phase B wall time: 0.110182 ms
[PROFILE] Phase C: wait_d2h=0.045 ms, topk=0.028 ms, identify=0.013 ms, prepare=0.000 ms, cpu_refine=0.285 ms, combine=0.004 ms (total=0.381 ms, 180 docs)
[PROFILE] Total wall time for Phase A + B + C: 1.33316 ms
[SEARCH] Total wall-clock time: 2.06874 ms
[workspace][chimera] Growing compact doc capacity from 327680 to 393216 rows (required=336288)
[8.75351 s] label=r090_b2_run1 GPU search time for 6980 queries.
[SEARCH] End-to-end measured time: 8753.513 ms
[SEARCH] Average latency per query: 2.507 ms
[SEARCH] Throughput: 797.394 qps
[SEARCH] Query latency distribution (ms): min=1.874, p50=2.475, p90=2.732, p95=2.839, p99=3.144, max=11.030, stddev=0.300
Recall@100: 0.917341
Recall@10: 0.963825
[CONFIG] label=r090_b2_run2 nprobe=64 k_rank_cluster=1800 k_rank_all_tokens=180 itopk_size=96 overlap_chunks=4
[CONFIG] concurrent_queries=2 effective_concurrent_queries=2 stage3_threads=16
[PROFILE] Phase A (Data Preparation) wall: 0.751255 ms, GPU total: 0.044992 ms
[PROFILE]   1. Gather doc lengths      : 0.00512 ms (CPU launch: 0.005015 ms)
[PROFILE]   2. Prefix sum offsets      : 0.011264 ms (CPU launch: 0.012054 ms)
[PROFILE]   3. Gather clustered pos    : 0.009216 ms (CPU launch: 0.004738 ms)
[PROFILE]   4. D2H metadata + sync     : 0.019392 ms (CPU launch: 0.014396 ms)
[PROFILE]   5. cudaStreamSynchronize   : 0.703069 ms
[PROFILE]   6. cudaEventElapsedTime x5 : 0.010176 ms
[PROFILE]   GPU sum accounted           : 0.044992 ms
[PROFILE] Phase B wall time: 0.090982 ms
[PROFILE] Phase C: wait_d2h=0.050 ms, topk=0.027 ms, identify=0.012 ms, prepare=0.000 ms, cpu_refine=0.249 ms, combine=0.004 ms (total=0.350 ms, 180 docs)
[PROFILE] Total wall time for Phase A + B + C: 1.19191 ms
[SEARCH] Total wall-clock time: 1.84628 ms
[workspace][chimera] Growing compact doc capacity from 327680 to 393216 rows (required=335016)
[8.61825 s] label=r090_b2_run2 GPU search time for 6980 queries.
[SEARCH] End-to-end measured time: 8618.248 ms
[SEARCH] Average latency per query: 2.469 ms
[SEARCH] Throughput: 809.909 qps
[SEARCH] Query latency distribution (ms): min=1.781, p50=2.430, p90=2.684, p95=2.784, p99=3.111, max=13.784, stddev=0.422
Recall@100: 0.91733
Recall@10: 0.963782
[CONFIG] label=r090_b2_run3 nprobe=64 k_rank_cluster=1800 k_rank_all_tokens=180 itopk_size=96 overlap_chunks=4
[CONFIG] concurrent_queries=2 effective_concurrent_queries=2 stage3_threads=16
[PROFILE] Phase A (Data Preparation) wall: 0.750305 ms, GPU total: 0.039584 ms
[PROFILE]   1. Gather doc lengths      : 0.00512 ms (CPU launch: 0.005204 ms)
[PROFILE]   2. Prefix sum offsets      : 0.011264 ms (CPU launch: 0.013174 ms)
[PROFILE]   3. Gather clustered pos    : 0.009216 ms (CPU launch: 0.004944 ms)
[PROFILE]   4. D2H metadata + sync     : 0.013984 ms (CPU launch: 0.014893 ms)
[PROFILE]   5. cudaStreamSynchronize   : 0.699927 ms
[PROFILE]   6. cudaEventElapsedTime x5 : 0.010095 ms
[PROFILE]   GPU sum accounted           : 0.039584 ms
[PROFILE] Phase B wall time: 0.096311 ms
[PROFILE] Phase C: wait_d2h=0.049 ms, topk=0.026 ms, identify=0.014 ms, prepare=0.000 ms, cpu_refine=0.303 ms, combine=0.005 ms (total=0.403 ms, 180 docs)
[PROFILE] Total wall time for Phase A + B + C: 1.25016 ms
[SEARCH] Total wall-clock time: 1.90843 ms
[8.63898 s] label=r090_b2_run3 GPU search time for 6980 queries.
[SEARCH] End-to-end measured time: 8638.979 ms
[SEARCH] Average latency per query: 2.475 ms
[SEARCH] Throughput: 807.966 qps
[SEARCH] Query latency distribution (ms): min=1.733, p50=2.426, p90=2.677, p95=2.777, p99=3.406, max=14.567, stddev=0.497
Recall@100: 0.917271
Recall@10: 0.963768
[CONFIG] label=r095_q2_run1 nprobe=96 k_rank_cluster=3200 k_rank_all_tokens=320 itopk_size=160 overlap_chunks=6
[CONFIG] concurrent_queries=2 effective_concurrent_queries=2 stage3_threads=16
[PROFILE] Phase A (Data Preparation) wall: 1.17848 ms, GPU total: 0.041728 ms
[PROFILE]   1. Gather doc lengths      : 0.00512 ms (CPU launch: 0.005036 ms)
[PROFILE]   2. Prefix sum offsets      : 0.011264 ms (CPU launch: 0.012557 ms)
[PROFILE]   3. Gather clustered pos    : 0.012288 ms (CPU launch: 0.004851 ms)
[PROFILE]   4. D2H metadata + sync     : 0.013056 ms (CPU launch: 0.014312 ms)
[PROFILE]   5. cudaStreamSynchronize   : 1.12971 ms
[PROFILE]   6. cudaEventElapsedTime x5 : 0.010026 ms
[PROFILE]   GPU sum accounted           : 0.041728 ms
[PROFILE] Phase B wall time: 0.129019 ms
[PROFILE] Phase C: wait_d2h=0.031 ms, topk=0.043 ms, identify=0.024 ms, prepare=0.000 ms, cpu_refine=0.570 ms, combine=0.006 ms (total=0.681 ms, 320 docs)
[PROFILE] Total wall time for Phase A + B + C: 1.98837 ms
[SEARCH] Total wall-clock time: 2.72237 ms
[workspace][chimera] Growing compact doc capacity from 393216 to 524288 rows (required=467598)
[workspace][chimera] Growing compact doc capacity from 393216 to 458752 rows (required=404687)
[13.0124 s] label=r095_q2_run1 GPU search time for 6980 queries.
[SEARCH] End-to-end measured time: 13012.399 ms
[SEARCH] Average latency per query: 3.728 ms
[SEARCH] Throughput: 536.411 qps
[SEARCH] Query latency distribution (ms): min=2.617, p50=3.668, p90=4.081, p95=4.247, p99=4.885, max=13.362, stddev=0.478
Recall@100: 0.951842
Recall@10: 0.965774
[CONFIG] label=r095_q2_run2 nprobe=96 k_rank_cluster=3200 k_rank_all_tokens=320 itopk_size=160 overlap_chunks=6
[CONFIG] concurrent_queries=2 effective_concurrent_queries=2 stage3_threads=16
[PROFILE] Phase A (Data Preparation) wall: 1.1807 ms, GPU total: 0.047136 ms
[PROFILE]   1. Gather doc lengths      : 0.006144 ms (CPU launch: 0.004954 ms)
[PROFILE]   2. Prefix sum offsets      : 0.011264 ms (CPU launch: 0.012364 ms)
[PROFILE]   3. Gather clustered pos    : 0.012288 ms (CPU launch: 0.005083 ms)
[PROFILE]   4. D2H metadata + sync     : 0.01744 ms (CPU launch: 0.025297 ms)
[PROFILE]   5. cudaStreamSynchronize   : 1.12092 ms
[PROFILE]   6. cudaEventElapsedTime x5 : 0.010287 ms
[PROFILE]   GPU sum accounted           : 0.047136 ms
[PROFILE] Phase B wall time: 0.129195 ms
[PROFILE] Phase C: wait_d2h=0.030 ms, topk=0.047 ms, identify=0.021 ms, prepare=0.000 ms, cpu_refine=0.627 ms, combine=0.006 ms (total=0.740 ms, 320 docs)
[PROFILE] Total wall time for Phase A + B + C: 2.05032 ms
[SEARCH] Total wall-clock time: 2.78972 ms
[12.85 s] label=r095_q2_run2 GPU search time for 6980 queries.
[SEARCH] End-to-end measured time: 12850.005 ms
[SEARCH] Average latency per query: 3.681 ms
[SEARCH] Throughput: 543.190 qps
[SEARCH] Query latency distribution (ms): min=2.517, p50=3.634, p90=4.051, p95=4.217, p99=4.766, max=11.396, stddev=0.410
Recall@100: 0.951812
Recall@10: 0.965774
[CONFIG] label=r095_q2_run3 nprobe=96 k_rank_cluster=3200 k_rank_all_tokens=320 itopk_size=160 overlap_chunks=6
[CONFIG] concurrent_queries=2 effective_concurrent_queries=2 stage3_threads=16
[PROFILE] Phase A (Data Preparation) wall: 1.19103 ms, GPU total: 0.044064 ms
[PROFILE]   1. Gather doc lengths      : 0.006144 ms (CPU launch: 0.005574 ms)
[PROFILE]   2. Prefix sum offsets      : 0.011264 ms (CPU launch: 0.012829 ms)
[PROFILE]   3. Gather clustered pos    : 0.011264 ms (CPU launch: 0.005109 ms)
[PROFILE]   4. D2H metadata + sync     : 0.015392 ms (CPU launch: 0.01496 ms)
[PROFILE]   5. cudaStreamSynchronize   : 1.14043 ms
[PROFILE]   6. cudaEventElapsedTime x5 : 0.010026 ms
[PROFILE]   GPU sum accounted           : 0.044064 ms
[PROFILE] Phase B wall time: 0.134128 ms
[PROFILE] Phase C: wait_d2h=0.023 ms, topk=0.048 ms, identify=0.023 ms, prepare=0.001 ms, cpu_refine=0.716 ms, combine=0.006 ms (total=0.823 ms, 320 docs)
[PROFILE] Total wall time for Phase A + B + C: 2.14857 ms
[SEARCH] Total wall-clock time: 2.88264 ms
[workspace][chimera] Growing compact doc capacity from 458752 to 524288 rows (required=467603)
[12.9787 s] label=r095_q2_run3 GPU search time for 6980 queries.
[SEARCH] End-to-end measured time: 12978.745 ms
[SEARCH] Average latency per query: 3.718 ms
[SEARCH] Throughput: 537.802 qps
[SEARCH] Query latency distribution (ms): min=2.440, p50=3.628, p90=4.058, p95=4.277, p99=6.737, max=15.491, stddev=0.725
Recall@100: 0.951832
Recall@10: 0.965774
[GPU_MEM] current=18309.38 MiB, peak=18309.38 MiB, total=32494.12 MiB, samples=49, peak_label=config_end:r095_q2_run3
