[driver] command=/scratch3/workspace/juelinliu_umass_edu-gpu-mvr/gpu-mvr/gpu-mvr/build/gpu_search --query /scratch3/workspace/juelinliu_umass_edu-gpu-mvr/gpu-mvr/dataset/msmarco/raw/query.bin --gt /scratch3/workspace/juelinliu_umass_edu-gpu-mvr/gpu-mvr/dataset/msmarco/raw/gt.tsv --index /scratch3/workspace/juelinliu_umass_edu-gpu-mvr/gpu-mvr/dataset/msmarco/gpu_mvr_2m --k 100 --nq -1 --warmup 5 --concurrent-queries 1 --config-file /scratch3/workspace/juelinliu_umass_edu-gpu-mvr/gpu-mvr/config/tmp/chimera_slot_targets/20260429T180041Z/msmarco/chimera/targets090_095_slots1_runs3.csv
[driver] dataset=msmarco
[driver] system=chimera
[driver] config_file=/scratch3/workspace/juelinliu_umass_edu-gpu-mvr/gpu-mvr/config/tmp/chimera_slot_targets/20260429T180041Z/msmarco/chimera/targets090_095_slots1_runs3.csv
>>> Loaded 6980 queries, each with 32 embeddings of dimension 128
>>> Loaded 8841823 document lengths
[RUN] Constructing shared chimera index with 1 query slot(s) from /scratch3/workspace/juelinliu_umass_edu-gpu-mvr/gpu-mvr/dataset/msmarco/gpu_mvr_2m using max runtime config: nprobe=96 k_rank_cluster=3200 k_rank_all_tokens=320 itopk_size=160 overlap_chunks=6
FhtKacRotator is selected
FhtKacRotator is selected
max cluster size: 5402
FhtKacRotator is selected
[gpu_mvr] Using cluster-ordered layout (15937.5 MB)
[chimera] Stage1 align mode: compact_align with shifted cluster loads
max cluster size: 5402
workspace_probe_cluster_bound: 96
workspace_probe_token_bound_per_query: 337837
workspace_probe_unique_doc_bound_per_query: 289215
max_compact_docs: 8841823  (num_docs=8841823)
initial_compact_doc_capacity: 131072
preallocated_compact_doc_capacity: 327680
workspace_stage2_candidate_token_bound: 542176
workspace_stage2_topk_token_bound: 56541
Initial GPU memory required for chimera workspace: 44.9638 MB
[workspace][chimera] Growing compact doc capacity from 0 to 327680 rows (required=327680)
[CONFIG] label=r090_b2_run1 nprobe=64 k_rank_cluster=1800 k_rank_all_tokens=180 itopk_size=96 overlap_chunks=4
[CONFIG] concurrent_queries=1 effective_concurrent_queries=1 stage3_threads=32
[PROFILE] Phase A (Data Preparation) wall: 0.842386 ms, GPU total: 0.043936 ms
[PROFILE]   1. Gather doc lengths      : 0.006144 ms (CPU launch: 0.005525 ms)
[PROFILE]   2. Prefix sum offsets      : 0.012288 ms (CPU launch: 0.012105 ms)
[PROFILE]   3. Gather clustered pos    : 0.009216 ms (CPU launch: 0.004884 ms)
[PROFILE]   4. D2H metadata + sync     : 0.016288 ms (CPU launch: 0.013917 ms)
[PROFILE]   5. cudaStreamSynchronize   : 0.794366 ms
[PROFILE]   6. cudaEventElapsedTime x5 : 0.00986 ms
[PROFILE]   GPU sum accounted           : 0.043936 ms
[PROFILE] Phase B wall time: 0.089783 ms
[PROFILE] Phase C: wait_d2h=0.092 ms, topk=0.026 ms, identify=0.013 ms, prepare=0.000 ms, cpu_refine=0.234 ms, combine=0.004 ms (total=0.379 ms, 180 docs)
[PROFILE] Total wall time for Phase A + B + C: 1.31168 ms
[SEARCH] Total wall-clock time: 2.04476 ms
[workspace][chimera] Growing compact doc capacity from 327680 to 393216 rows (required=336402)
[13.9698 s] label=r090_b2_run1 GPU search time for 6980 queries.
[SEARCH] End-to-end measured time: 13969.786 ms
[SEARCH] Average latency per query: 2.001 ms
[SEARCH] Throughput: 499.650 qps
[SEARCH] Query latency distribution (ms): min=1.624, p50=1.965, p90=2.150, p95=2.221, p99=2.383, max=17.773, stddev=0.482
Recall@100: 0.917332
Recall@10: 0.963782
[CONFIG] label=r090_b2_run2 nprobe=64 k_rank_cluster=1800 k_rank_all_tokens=180 itopk_size=96 overlap_chunks=4
[CONFIG] concurrent_queries=1 effective_concurrent_queries=1 stage3_threads=32
[PROFILE] Phase A (Data Preparation) wall: 0.75321 ms, GPU total: 0.044064 ms
[PROFILE]   1. Gather doc lengths      : 0.00512 ms (CPU launch: 0.005251 ms)
[PROFILE]   2. Prefix sum offsets      : 0.011264 ms (CPU launch: 0.012138 ms)
[PROFILE]   3. Gather clustered pos    : 0.008192 ms (CPU launch: 0.004866 ms)
[PROFILE]   4. D2H metadata + sync     : 0.019488 ms (CPU launch: 0.014754 ms)
[PROFILE]   5. cudaStreamSynchronize   : 0.703922 ms
[PROFILE]   6. cudaEventElapsedTime x5 : 0.009829 ms
[PROFILE]   GPU sum accounted           : 0.044064 ms
[PROFILE] Phase B wall time: 0.092935 ms
[PROFILE] Phase C: wait_d2h=0.049 ms, topk=0.024 ms, identify=0.013 ms, prepare=0.000 ms, cpu_refine=0.257 ms, combine=0.005 ms (total=0.357 ms, 180 docs)
[PROFILE] Total wall time for Phase A + B + C: 1.20325 ms
[SEARCH] Total wall-clock time: 1.86223 ms
[13.3814 s] label=r090_b2_run2 GPU search time for 6980 queries.
[SEARCH] End-to-end measured time: 13381.370 ms
[SEARCH] Average latency per query: 1.917 ms
[SEARCH] Throughput: 521.621 qps
[SEARCH] Query latency distribution (ms): min=1.566, p50=1.894, p90=2.060, p95=2.122, p99=2.257, max=17.176, stddev=0.355
Recall@100: 0.917335
Recall@10: 0.963797
[CONFIG] label=r090_b2_run3 nprobe=64 k_rank_cluster=1800 k_rank_all_tokens=180 itopk_size=96 overlap_chunks=4
[CONFIG] concurrent_queries=1 effective_concurrent_queries=1 stage3_threads=32
[PROFILE] Phase A (Data Preparation) wall: 0.751115 ms, GPU total: 0.040864 ms
[PROFILE]   1. Gather doc lengths      : 0.00512 ms (CPU launch: 0.00533 ms)
[PROFILE]   2. Prefix sum offsets      : 0.011264 ms (CPU launch: 0.012514 ms)
[PROFILE]   3. Gather clustered pos    : 0.009216 ms (CPU launch: 0.005157 ms)
[PROFILE]   4. D2H metadata + sync     : 0.015264 ms (CPU launch: 0.014166 ms)
[PROFILE]   5. cudaStreamSynchronize   : 0.702206 ms
[PROFILE]   6. cudaEventElapsedTime x5 : 0.009665 ms
[PROFILE]   GPU sum accounted           : 0.040864 ms
[PROFILE] Phase B wall time: 0.088707 ms
[PROFILE] Phase C: wait_d2h=0.042 ms, topk=0.026 ms, identify=0.013 ms, prepare=0.000 ms, cpu_refine=0.253 ms, combine=0.012 ms (total=0.361 ms, 180 docs)
[PROFILE] Total wall time for Phase A + B + C: 1.20122 ms
[SEARCH] Total wall-clock time: 1.84843 ms
[13.5481 s] label=r090_b2_run3 GPU search time for 6980 queries.
[SEARCH] End-to-end measured time: 13548.123 ms
[SEARCH] Average latency per query: 1.941 ms
[SEARCH] Throughput: 515.201 qps
[SEARCH] Query latency distribution (ms): min=1.569, p50=1.908, p90=2.088, p95=2.150, p99=2.321, max=10.038, stddev=0.349
Recall@100: 0.917314
Recall@10: 0.963811
[CONFIG] label=r095_q2_run1 nprobe=96 k_rank_cluster=3200 k_rank_all_tokens=320 itopk_size=160 overlap_chunks=6
[CONFIG] concurrent_queries=1 effective_concurrent_queries=1 stage3_threads=32
[PROFILE] Phase A (Data Preparation) wall: 1.19004 ms, GPU total: 0.049216 ms
[PROFILE]   1. Gather doc lengths      : 0.00512 ms (CPU launch: 0.004864 ms)
[PROFILE]   2. Prefix sum offsets      : 0.011264 ms (CPU launch: 0.012059 ms)
[PROFILE]   3. Gather clustered pos    : 0.012288 ms (CPU launch: 0.004732 ms)
[PROFILE]   4. D2H metadata + sync     : 0.020544 ms (CPU launch: 0.014372 ms)
[PROFILE]   5. cudaStreamSynchronize   : 1.14213 ms
[PROFILE]   6. cudaEventElapsedTime x5 : 0.009716 ms
[PROFILE]   GPU sum accounted           : 0.049216 ms
[PROFILE] Phase B wall time: 0.1259 ms
[PROFILE] Phase C: wait_d2h=0.037 ms, topk=0.048 ms, identify=0.022 ms, prepare=0.000 ms, cpu_refine=0.407 ms, combine=0.006 ms (total=0.534 ms, 320 docs)
[PROFILE] Total wall time for Phase A + B + C: 1.84957 ms
[SEARCH] Total wall-clock time: 2.56862 ms
[workspace][chimera] Growing compact doc capacity from 393216 to 524288 rows (required=467559)
[19.1883 s] label=r095_q2_run1 GPU search time for 6980 queries.
[SEARCH] End-to-end measured time: 19188.342 ms
[SEARCH] Average latency per query: 2.749 ms
[SEARCH] Throughput: 363.763 qps
[SEARCH] Query latency distribution (ms): min=2.205, p50=2.726, p90=2.981, p95=3.065, p99=3.262, max=7.040, stddev=0.223
Recall@100: 0.951844
Recall@10: 0.965759
[CONFIG] label=r095_q2_run2 nprobe=96 k_rank_cluster=3200 k_rank_all_tokens=320 itopk_size=160 overlap_chunks=6
[CONFIG] concurrent_queries=1 effective_concurrent_queries=1 stage3_threads=32
[PROFILE] Phase A (Data Preparation) wall: 1.17868 ms, GPU total: 0.042048 ms
[PROFILE]   1. Gather doc lengths      : 0.00512 ms (CPU launch: 0.005127 ms)
[PROFILE]   2. Prefix sum offsets      : 0.011264 ms (CPU launch: 0.012423 ms)
[PROFILE]   3. Gather clustered pos    : 0.012288 ms (CPU launch: 0.005174 ms)
[PROFILE]   4. D2H metadata + sync     : 0.013376 ms (CPU launch: 0.015718 ms)
[PROFILE]   5. cudaStreamSynchronize   : 1.1286 ms
[PROFILE]   6. cudaEventElapsedTime x5 : 0.009748 ms
[PROFILE]   GPU sum accounted           : 0.042048 ms
[PROFILE] Phase B wall time: 0.129137 ms
[PROFILE] Phase C: wait_d2h=0.043 ms, topk=0.048 ms, identify=0.025 ms, prepare=0.000 ms, cpu_refine=0.408 ms, combine=0.005 ms (total=0.542 ms, 320 docs)
[PROFILE] Total wall time for Phase A + B + C: 1.84964 ms
[SEARCH] Total wall-clock time: 2.58375 ms
[19.3708 s] label=r095_q2_run2 GPU search time for 6980 queries.
[SEARCH] End-to-end measured time: 19370.805 ms
[SEARCH] Average latency per query: 2.775 ms
[SEARCH] Throughput: 360.336 qps
[SEARCH] Query latency distribution (ms): min=2.108, p50=2.728, p90=2.987, p95=3.070, p99=3.348, max=12.028, stddev=0.488
Recall@100: 0.951825
Recall@10: 0.965774
[CONFIG] label=r095_q2_run3 nprobe=96 k_rank_cluster=3200 k_rank_all_tokens=320 itopk_size=160 overlap_chunks=6
[CONFIG] concurrent_queries=1 effective_concurrent_queries=1 stage3_threads=32
[PROFILE] Phase A (Data Preparation) wall: 1.19793 ms, GPU total: 0.048224 ms
[PROFILE]   1. Gather doc lengths      : 0.006144 ms (CPU launch: 0.004883 ms)
[PROFILE]   2. Prefix sum offsets      : 0.01024 ms (CPU launch: 0.013223 ms)
[PROFILE]   3. Gather clustered pos    : 0.013312 ms (CPU launch: 0.004991 ms)
[PROFILE]   4. D2H metadata + sync     : 0.018528 ms (CPU launch: 0.018081 ms)
[PROFILE]   5. cudaStreamSynchronize   : 1.1386 ms
[PROFILE]   6. cudaEventElapsedTime x5 : 0.010013 ms
[PROFILE]   GPU sum accounted           : 0.048224 ms
[PROFILE] Phase B wall time: 0.12521 ms
[PROFILE] Phase C: wait_d2h=0.009 ms, topk=0.046 ms, identify=0.024 ms, prepare=0.000 ms, cpu_refine=0.423 ms, combine=0.006 ms (total=4.482 ms, 320 docs)
[PROFILE] Total wall time for Phase A + B + C: 5.80522 ms
[SEARCH] Total wall-clock time: 6.52909 ms
[19.1396 s] label=r095_q2_run3 GPU search time for 6980 queries.
[SEARCH] End-to-end measured time: 19139.586 ms
[SEARCH] Average latency per query: 2.742 ms
[SEARCH] Throughput: 364.689 qps
[SEARCH] Query latency distribution (ms): min=2.178, p50=2.706, p90=2.953, p95=3.039, p99=3.261, max=14.392, stddev=0.453
Recall@100: 0.95186
Recall@10: 0.965774
[GPU_MEM] current=18057.38 MiB, peak=18057.38 MiB, total=32494.12 MiB, samples=49, peak_label=config_end:r095_q2_run3
