[driver] command=/scratch3/workspace/juelinliu_umass_edu-gpu-mvr/gpu-mvr/gpu-mvr/build/gpu_search --query /scratch3/workspace/juelinliu_umass_edu-gpu-mvr/gpu-mvr/dataset/msmarco/raw/query.bin --gt /scratch3/workspace/juelinliu_umass_edu-gpu-mvr/gpu-mvr/dataset/msmarco/raw/gt.tsv --index /scratch3/workspace/juelinliu_umass_edu-gpu-mvr/gpu-mvr/dataset/msmarco/gpu_mvr_2m --k 100 --nq -1 --warmup 5 --concurrent-queries 4 --config-file /scratch3/workspace/juelinliu_umass_edu-gpu-mvr/gpu-mvr/config/tmp/chimera_slot_targets/20260429T180041Z/msmarco/chimera/targets090_095_slots4_runs3.csv
[driver] dataset=msmarco
[driver] system=chimera
[driver] config_file=/scratch3/workspace/juelinliu_umass_edu-gpu-mvr/gpu-mvr/config/tmp/chimera_slot_targets/20260429T180041Z/msmarco/chimera/targets090_095_slots4_runs3.csv
>>> Loaded 6980 queries, each with 32 embeddings of dimension 128
>>> Loaded 8841823 document lengths
[RUN] Constructing shared chimera index with 4 query slot(s) from /scratch3/workspace/juelinliu_umass_edu-gpu-mvr/gpu-mvr/dataset/msmarco/gpu_mvr_2m using max runtime config: nprobe=96 k_rank_cluster=3200 k_rank_all_tokens=320 itopk_size=160 overlap_chunks=6
FhtKacRotator is selected
FhtKacRotator is selected
max cluster size: 5402
FhtKacRotator is selected
[gpu_mvr] Using cluster-ordered layout (15937.5 MB)
[chimera] Stage1 align mode: compact_align with shifted cluster loads
max cluster size: 5402
workspace_probe_cluster_bound: 96
workspace_probe_token_bound_per_query: 337837
workspace_probe_unique_doc_bound_per_query: 289215
max_compact_docs: 8841823  (num_docs=8841823)
initial_compact_doc_capacity: 131072
preallocated_compact_doc_capacity: 327680
workspace_stage2_candidate_token_bound: 542176
workspace_stage2_topk_token_bound: 56541
Initial GPU memory required for chimera workspace: 44.9638 MB
[workspace][chimera] Growing compact doc capacity from 0 to 327680 rows (required=327680)
max cluster size: 5402
workspace_probe_cluster_bound: 96
workspace_probe_token_bound_per_query: 337837
workspace_probe_unique_doc_bound_per_query: 289215
max_compact_docs: 8841823  (num_docs=8841823)
initial_compact_doc_capacity: 131072
preallocated_compact_doc_capacity: 327680
workspace_stage2_candidate_token_bound: 542176
workspace_stage2_topk_token_bound: 56541
Initial GPU memory required for chimera workspace: 44.9638 MB
[workspace][chimera] Growing compact doc capacity from 0 to 327680 rows (required=327680)
max cluster size: 5402
workspace_probe_cluster_bound: 96
workspace_probe_token_bound_per_query: 337837
workspace_probe_unique_doc_bound_per_query: 289215
max_compact_docs: 8841823  (num_docs=8841823)
initial_compact_doc_capacity: 131072
preallocated_compact_doc_capacity: 327680
workspace_stage2_candidate_token_bound: 542176
workspace_stage2_topk_token_bound: 56541
Initial GPU memory required for chimera workspace: 44.9638 MB
[workspace][chimera] Growing compact doc capacity from 0 to 327680 rows (required=327680)
max cluster size: 5402
workspace_probe_cluster_bound: 96
workspace_probe_token_bound_per_query: 337837
workspace_probe_unique_doc_bound_per_query: 289215
max_compact_docs: 8841823  (num_docs=8841823)
initial_compact_doc_capacity: 131072
preallocated_compact_doc_capacity: 327680
workspace_stage2_candidate_token_bound: 542176
workspace_stage2_topk_token_bound: 56541
Initial GPU memory required for chimera workspace: 44.9638 MB
[workspace][chimera] Growing compact doc capacity from 0 to 327680 rows (required=327680)
[CONFIG] label=r090_b2_run1 nprobe=64 k_rank_cluster=1800 k_rank_all_tokens=180 itopk_size=96 overlap_chunks=4
[CONFIG] concurrent_queries=4 effective_concurrent_queries=4 stage3_threads=8
[PROFILE] Phase A (Data Preparation) wall: 0.8442 ms, GPU total: 0.045728 ms
[PROFILE]   1. Gather doc lengths      : 0.006144 ms (CPU launch: 0.005863 ms)
[PROFILE]   2. Prefix sum offsets      : 0.012288 ms (CPU launch: 0.023102 ms)
[PROFILE]   3. Gather clustered pos    : 0.01024 ms (CPU launch: 0.004657 ms)
[PROFILE]   4. D2H metadata + sync     : 0.017056 ms (CPU launch: 0.015493 ms)
[PROFILE]   5. cudaStreamSynchronize   : 0.782826 ms
[PROFILE]   6. cudaEventElapsedTime x5 : 0.010321 ms
[PROFILE]   GPU sum accounted           : 0.045728 ms
[PROFILE] Phase B wall time: 0.104214 ms
[PROFILE] Phase C: wait_d2h=0.055 ms, topk=0.026 ms, identify=0.071 ms, prepare=0.000 ms, cpu_refine=0.549 ms, combine=0.006 ms (total=0.711 ms, 180 docs)
[PROFILE] Total wall time for Phase A + B + C: 1.65978 ms
[SEARCH] Total wall-clock time: 2.42003 ms
[workspace][chimera] Growing compact doc capacity from 327680 to 393216 rows (required=335527)
[7.16873 s] label=r090_b2_run1 GPU search time for 6980 queries.
[SEARCH] End-to-end measured time: 7168.728 ms
[SEARCH] Average latency per query: 4.107 ms
[SEARCH] Throughput: 973.673 qps
[SEARCH] Query latency distribution (ms): min=1.953, p50=4.050, p90=4.686, p95=4.913, p99=6.081, max=17.043, stddev=0.789
Recall@100: 0.917372
Recall@10: 0.963782
[CONFIG] label=r090_b2_run2 nprobe=64 k_rank_cluster=1800 k_rank_all_tokens=180 itopk_size=96 overlap_chunks=4
[CONFIG] concurrent_queries=4 effective_concurrent_queries=4 stage3_threads=8
[PROFILE] Phase A (Data Preparation) wall: 0.751965 ms, GPU total: 0.037888 ms
[PROFILE]   1. Gather doc lengths      : 0.00512 ms (CPU launch: 0.005337 ms)
[PROFILE]   2. Prefix sum offsets      : 0.011264 ms (CPU launch: 0.012211 ms)
[PROFILE]   3. Gather clustered pos    : 0.009216 ms (CPU launch: 0.005052 ms)
[PROFILE]   4. D2H metadata + sync     : 0.012288 ms (CPU launch: 0.014189 ms)
[PROFILE]   5. cudaStreamSynchronize   : 0.703158 ms
[PROFILE]   6. cudaEventElapsedTime x5 : 0.010161 ms
[PROFILE]   GPU sum accounted           : 0.037888 ms
[PROFILE] Phase B wall time: 0.092056 ms
[PROFILE] Phase C: wait_d2h=0.053 ms, topk=0.026 ms, identify=0.014 ms, prepare=0.000 ms, cpu_refine=0.570 ms, combine=0.004 ms (total=0.671 ms, 180 docs)
[PROFILE] Total wall time for Phase A + B + C: 1.51551 ms
[SEARCH] Total wall-clock time: 2.18412 ms
[7.09389 s] label=r090_b2_run2 GPU search time for 6980 queries.
[SEARCH] End-to-end measured time: 7093.892 ms
[SEARCH] Average latency per query: 4.061 ms
[SEARCH] Throughput: 983.945 qps
[SEARCH] Query latency distribution (ms): min=2.481, p50=4.024, p90=4.634, p95=4.875, p99=5.646, max=15.205, stddev=0.638
Recall@100: 0.917314
Recall@10: 0.963811
[CONFIG] label=r090_b2_run3 nprobe=64 k_rank_cluster=1800 k_rank_all_tokens=180 itopk_size=96 overlap_chunks=4
[CONFIG] concurrent_queries=4 effective_concurrent_queries=4 stage3_threads=8
[PROFILE] Phase A (Data Preparation) wall: 0.758736 ms, GPU total: 0.040224 ms
[PROFILE]   1. Gather doc lengths      : 0.00512 ms (CPU launch: 0.005302 ms)
[PROFILE]   2. Prefix sum offsets      : 0.011264 ms (CPU launch: 0.012306 ms)
[PROFILE]   3. Gather clustered pos    : 0.009216 ms (CPU launch: 0.00501 ms)
[PROFILE]   4. D2H metadata + sync     : 0.014624 ms (CPU launch: 0.015042 ms)
[PROFILE]   5. cudaStreamSynchronize   : 0.708638 ms
[PROFILE]   6. cudaEventElapsedTime x5 : 0.010398 ms
[PROFILE]   GPU sum accounted           : 0.040224 ms
[PROFILE] Phase B wall time: 0.094727 ms
[PROFILE] Phase C: wait_d2h=0.044 ms, topk=0.020 ms, identify=0.013 ms, prepare=0.000 ms, cpu_refine=0.682 ms, combine=0.004 ms (total=0.770 ms, 180 docs)
[PROFILE] Total wall time for Phase A + B + C: 1.6232 ms
[SEARCH] Total wall-clock time: 2.27878 ms
[workspace][chimera] Growing compact doc capacity from 327680 to 393216 rows (required=336668)
[7.11238 s] label=r090_b2_run3 GPU search time for 6980 queries.
[SEARCH] End-to-end measured time: 7112.383 ms
[SEARCH] Average latency per query: 4.075 ms
[SEARCH] Throughput: 981.387 qps
[SEARCH] Query latency distribution (ms): min=2.383, p50=4.043, p90=4.662, p95=4.874, p99=5.807, max=12.311, stddev=0.589
Recall@100: 0.917298
Recall@10: 0.963797
[CONFIG] label=r095_q2_run1 nprobe=96 k_rank_cluster=3200 k_rank_all_tokens=320 itopk_size=160 overlap_chunks=6
[CONFIG] concurrent_queries=4 effective_concurrent_queries=4 stage3_threads=8
[PROFILE] Phase A (Data Preparation) wall: 1.20441 ms, GPU total: 0.048576 ms
[PROFILE]   1. Gather doc lengths      : 0.006144 ms (CPU launch: 0.005299 ms)
[PROFILE]   2. Prefix sum offsets      : 0.01024 ms (CPU launch: 0.013164 ms)
[PROFILE]   3. Gather clustered pos    : 0.012288 ms (CPU launch: 0.005407 ms)
[PROFILE]   4. D2H metadata + sync     : 0.019904 ms (CPU launch: 0.026216 ms)
[PROFILE]   5. cudaStreamSynchronize   : 1.14222 ms
[PROFILE]   6. cudaEventElapsedTime x5 : 0.010155 ms
[PROFILE]   GPU sum accounted           : 0.048576 ms
[PROFILE] Phase B wall time: 0.137024 ms
[PROFILE] Phase C: wait_d2h=0.025 ms, topk=0.051 ms, identify=0.025 ms, prepare=0.001 ms, cpu_refine=1.140 ms, combine=0.006 ms (total=1.252 ms, 320 docs)
[PROFILE] Total wall time for Phase A + B + C: 2.59346 ms
[SEARCH] Total wall-clock time: 3.33357 ms
[workspace][chimera] Growing compact doc capacity from 327680 to 524288 rows (required=467805)
[workspace][chimera] Growing compact doc capacity from 327680 to 458752 rows (required=375659)
[workspace][chimera] Growing compact doc capacity from 393216 to 524288 rows (required=455494)
[11.359 s] label=r095_q2_run1 GPU search time for 6980 queries.
[SEARCH] End-to-end measured time: 11358.988 ms
[SEARCH] Average latency per query: 6.508 ms
[SEARCH] Throughput: 614.491 qps
[SEARCH] Query latency distribution (ms): min=3.508, p50=6.437, p90=7.806, p95=8.336, p99=9.638, max=15.378, stddev=1.111
Recall@100: 0.951815
Recall@10: 0.965774
[CONFIG] label=r095_q2_run2 nprobe=96 k_rank_cluster=3200 k_rank_all_tokens=320 itopk_size=160 overlap_chunks=6
[CONFIG] concurrent_queries=4 effective_concurrent_queries=4 stage3_threads=8
[PROFILE] Phase A (Data Preparation) wall: 1.19174 ms, GPU total: 0.044128 ms
[PROFILE]   1. Gather doc lengths      : 0.006144 ms (CPU launch: 0.005258 ms)
[PROFILE]   2. Prefix sum offsets      : 0.01024 ms (CPU launch: 0.013072 ms)
[PROFILE]   3. Gather clustered pos    : 0.012288 ms (CPU launch: 0.005767 ms)
[PROFILE]   4. D2H metadata + sync     : 0.015456 ms (CPU launch: 0.025936 ms)
[PROFILE]   5. cudaStreamSynchronize   : 1.13327 ms
[PROFILE]   6. cudaEventElapsedTime x5 : 0.006597 ms
[PROFILE]   GPU sum accounted           : 0.044128 ms
[PROFILE] Phase B wall time: 0.134005 ms
[PROFILE] Phase C: wait_d2h=0.026 ms, topk=0.044 ms, identify=0.024 ms, prepare=0.000 ms, cpu_refine=1.243 ms, combine=0.006 ms (total=1.348 ms, 320 docs)
[PROFILE] Total wall time for Phase A + B + C: 2.6741 ms
[SEARCH] Total wall-clock time: 3.42439 ms
[workspace][chimera] Growing compact doc capacity from 393216 to 458752 rows (required=400372)
[11.2372 s] label=r095_q2_run2 GPU search time for 6980 queries.
[SEARCH] End-to-end measured time: 11237.218 ms
[SEARCH] Average latency per query: 6.438 ms
[SEARCH] Throughput: 621.150 qps
[SEARCH] Query latency distribution (ms): min=3.764, p50=6.385, p90=7.722, p95=8.189, p99=9.024, max=12.322, stddev=0.996
Recall@100: 0.951825
Recall@10: 0.965759
[CONFIG] label=r095_q2_run3 nprobe=96 k_rank_cluster=3200 k_rank_all_tokens=320 itopk_size=160 overlap_chunks=6
[CONFIG] concurrent_queries=4 effective_concurrent_queries=4 stage3_threads=8
[PROFILE] Phase A (Data Preparation) wall: 1.19529 ms, GPU total: 0.0496 ms
[PROFILE]   1. Gather doc lengths      : 0.006144 ms (CPU launch: 0.005374 ms)
[PROFILE]   2. Prefix sum offsets      : 0.011264 ms (CPU launch: 0.012791 ms)
[PROFILE]   3. Gather clustered pos    : 0.012288 ms (CPU launch: 0.005009 ms)
[PROFILE]   4. D2H metadata + sync     : 0.019904 ms (CPU launch: 0.014987 ms)
[PROFILE]   5. cudaStreamSynchronize   : 1.14525 ms
[PROFILE]   6. cudaEventElapsedTime x5 : 0.010035 ms
[PROFILE]   GPU sum accounted           : 0.0496 ms
[PROFILE] Phase B wall time: 0.134227 ms
[PROFILE] Phase C: wait_d2h=0.026 ms, topk=0.052 ms, identify=0.025 ms, prepare=0.000 ms, cpu_refine=1.083 ms, combine=0.006 ms (total=1.196 ms, 320 docs)
[PROFILE] Total wall time for Phase A + B + C: 2.52596 ms
[SEARCH] Total wall-clock time: 3.2649 ms
[11.2194 s] label=r095_q2_run3 GPU search time for 6980 queries.
[SEARCH] End-to-end measured time: 11219.392 ms
[SEARCH] Average latency per query: 6.428 ms
[SEARCH] Throughput: 622.137 qps
[SEARCH] Query latency distribution (ms): min=3.898, p50=6.389, p90=7.695, p95=8.134, p99=8.862, max=12.733, stddev=0.974
Recall@100: 0.951848
Recall@10: 0.965774
[GPU_MEM] current=18795.38 MiB, peak=18795.38 MiB, total=32494.12 MiB, samples=49, peak_label=config_end:r095_q2_run3
