[driver] command=/scratch3/workspace/juelinliu_umass_edu-gpu-mvr/gpu-mvr/gpu-mvr/build/gpu_search_nolut_nosum --query /scratch3/workspace/juelinliu_umass_edu-gpu-mvr/gpu-mvr/dataset/msmarco/raw/query.bin --gt /scratch3/workspace/juelinliu_umass_edu-gpu-mvr/gpu-mvr/dataset/msmarco/raw/gt.tsv --index /scratch3/workspace/juelinliu_umass_edu-gpu-mvr/gpu-mvr/dataset/msmarco/gpu_mvr_2m --k 100 --nq -1 --warmup 5 --concurrent-queries 1 --config-file /scratch3/workspace/juelinliu_umass_edu-gpu-mvr/gpu-mvr/config/tmp/chimera_variant_targets/20260429T164347Z/msmarco/chimera_nolut_nosum/targets090_095_slots1_runs3.csv
[driver] dataset=msmarco
[driver] system=chimera_nolut_nosum
[driver] config_file=/scratch3/workspace/juelinliu_umass_edu-gpu-mvr/gpu-mvr/config/tmp/chimera_variant_targets/20260429T164347Z/msmarco/chimera_nolut_nosum/targets090_095_slots1_runs3.csv
>>> Loaded 6980 queries, each with 32 embeddings of dimension 128
>>> Loaded 8841823 document lengths
[RUN] Constructing shared chimera index with 1 query slot(s) from /scratch3/workspace/juelinliu_umass_edu-gpu-mvr/gpu-mvr/dataset/msmarco/gpu_mvr_2m using max runtime config: nprobe=96 k_rank_cluster=3200 k_rank_all_tokens=320 itopk_size=160 overlap_chunks=6
FhtKacRotator is selected
FhtKacRotator is selected
max cluster size: 5402
FhtKacRotator is selected
[gpu_mvr] Using cluster-ordered layout (15937.5 MB)
[chimera] Stage1 align mode: compact_align with shifted cluster loads
max cluster size: 5402
workspace_probe_cluster_bound: 96
workspace_probe_token_bound_per_query: 337837
workspace_probe_unique_doc_bound_per_query: 289215
max_compact_docs: 8841823  (num_docs=8841823)
initial_compact_doc_capacity: 131072
preallocated_compact_doc_capacity: 327680
workspace_stage2_candidate_token_bound: 542176
workspace_stage2_topk_token_bound: 56541
Initial GPU memory required for chimera workspace: 44.9638 MB
[workspace][chimera] Growing compact doc capacity from 0 to 327680 rows (required=327680)
[CONFIG] label=r090_b2_run1 nprobe=64 k_rank_cluster=1800 k_rank_all_tokens=180 itopk_size=96 overlap_chunks=4
[CONFIG] concurrent_queries=1 effective_concurrent_queries=1 stage3_threads=32
[PROFILE] Phase A (Data Preparation) wall: 1.84361 ms, GPU total: 0.0424 ms
[PROFILE]   1. Gather doc lengths      : 0.006144 ms (CPU launch: 0.005177 ms)
[PROFILE]   2. Prefix sum offsets      : 0.013312 ms (CPU launch: 0.013403 ms)
[PROFILE]   3. Gather clustered pos    : 0.009216 ms (CPU launch: 0.005368 ms)
[PROFILE]   4. D2H metadata + sync     : 0.013728 ms (CPU launch: 0.013584 ms)
[PROFILE]   5. cudaStreamSynchronize   : 1.79459 ms
[PROFILE]   6. cudaEventElapsedTime x5 : 0.00975 ms
[PROFILE]   GPU sum accounted           : 0.0424 ms
[PROFILE] Phase B wall time: 0.089838 ms
[PROFILE] Phase C: wait_d2h=1.392 ms, topk=0.026 ms, identify=0.013 ms, prepare=0.000 ms, cpu_refine=0.246 ms, combine=0.004 ms (total=1.688 ms, 180 docs)
[PROFILE] Total wall time for Phase A + B + C: 3.62188 ms
[SEARCH] Total wall-clock time: 4.35289 ms
[workspace][chimera] Growing compact doc capacity from 327680 to 393216 rows (required=336400)
[25.05 s] label=r090_b2_run1 GPU search time for 6980 queries.
[SEARCH] End-to-end measured time: 25049.960 ms
[SEARCH] Average latency per query: 3.589 ms
[SEARCH] Throughput: 278.643 qps
[SEARCH] Query latency distribution (ms): min=2.743, p50=3.515, p90=3.949, p95=4.108, p99=4.509, max=19.562, stddev=0.629
Recall@100: 0.917375
Recall@10: 0.963825
[CONFIG] label=r090_b2_run2 nprobe=64 k_rank_cluster=1800 k_rank_all_tokens=180 itopk_size=96 overlap_chunks=4
[CONFIG] concurrent_queries=1 effective_concurrent_queries=1 stage3_threads=32
[PROFILE] Phase A (Data Preparation) wall: 1.57423 ms, GPU total: 0.038464 ms
[PROFILE]   1. Gather doc lengths      : 0.00512 ms (CPU launch: 0.005462 ms)
[PROFILE]   2. Prefix sum offsets      : 0.012288 ms (CPU launch: 0.012067 ms)
[PROFILE]   3. Gather clustered pos    : 0.008192 ms (CPU launch: 0.004815 ms)
[PROFILE]   4. D2H metadata + sync     : 0.012864 ms (CPU launch: 0.01377 ms)
[PROFILE]   5. cudaStreamSynchronize   : 1.52615 ms
[PROFILE]   6. cudaEventElapsedTime x5 : 0.009911 ms
[PROFILE]   GPU sum accounted           : 0.038464 ms
[PROFILE] Phase B wall time: 0.090022 ms
[PROFILE] Phase C: wait_d2h=1.143 ms, topk=0.026 ms, identify=0.012 ms, prepare=0.000 ms, cpu_refine=0.257 ms, combine=0.004 ms (total=1.450 ms, 180 docs)
[PROFILE] Total wall time for Phase A + B + C: 3.1145 ms
[SEARCH] Total wall-clock time: 3.76138 ms
[25.0281 s] label=r090_b2_run2 GPU search time for 6980 queries.
[SEARCH] End-to-end measured time: 25028.058 ms
[SEARCH] Average latency per query: 3.586 ms
[SEARCH] Throughput: 278.887 qps
[SEARCH] Query latency distribution (ms): min=2.647, p50=3.502, p90=3.940, p95=4.105, p99=5.342, max=11.877, stddev=0.618
Recall@100: 0.917285
Recall@10: 0.963797
[CONFIG] label=r090_b2_run3 nprobe=64 k_rank_cluster=1800 k_rank_all_tokens=180 itopk_size=96 overlap_chunks=4
[CONFIG] concurrent_queries=1 effective_concurrent_queries=1 stage3_threads=32
[PROFILE] Phase A (Data Preparation) wall: 1.59196 ms, GPU total: 0.044032 ms
[PROFILE]   1. Gather doc lengths      : 0.00512 ms (CPU launch: 0.005319 ms)
[PROFILE]   2. Prefix sum offsets      : 0.011264 ms (CPU launch: 0.012369 ms)
[PROFILE]   3. Gather clustered pos    : 0.008192 ms (CPU launch: 0.005088 ms)
[PROFILE]   4. D2H metadata + sync     : 0.019456 ms (CPU launch: 0.014176 ms)
[PROFILE]   5. cudaStreamSynchronize   : 1.54333 ms
[PROFILE]   6. cudaEventElapsedTime x5 : 0.009759 ms
[PROFILE]   GPU sum accounted           : 0.044032 ms
[PROFILE] Phase B wall time: 0.091379 ms
[PROFILE] Phase C: wait_d2h=1.154 ms, topk=0.027 ms, identify=0.012 ms, prepare=0.000 ms, cpu_refine=0.251 ms, combine=0.004 ms (total=1.460 ms, 180 docs)
[PROFILE] Total wall time for Phase A + B + C: 3.14382 ms
[SEARCH] Total wall-clock time: 3.78648 ms
[24.8997 s] label=r090_b2_run3 GPU search time for 6980 queries.
[SEARCH] End-to-end measured time: 24899.732 ms
[SEARCH] Average latency per query: 3.567 ms
[SEARCH] Throughput: 280.324 qps
[SEARCH] Query latency distribution (ms): min=2.709, p50=3.501, p90=3.934, p95=4.095, p99=4.572, max=10.913, stddev=0.518
Recall@100: 0.917357
Recall@10: 0.963825
[CONFIG] label=r095_q2_run1 nprobe=96 k_rank_cluster=3200 k_rank_all_tokens=320 itopk_size=160 overlap_chunks=6
[CONFIG] concurrent_queries=1 effective_concurrent_queries=1 stage3_threads=32
[PROFILE] Phase A (Data Preparation) wall: 2.61072 ms, GPU total: 0.046112 ms
[PROFILE]   1. Gather doc lengths      : 0.006144 ms (CPU launch: 0.005267 ms)
[PROFILE]   2. Prefix sum offsets      : 0.011264 ms (CPU launch: 0.012263 ms)
[PROFILE]   3. Gather clustered pos    : 0.012288 ms (CPU launch: 0.004937 ms)
[PROFILE]   4. D2H metadata + sync     : 0.016416 ms (CPU launch: 0.014257 ms)
[PROFILE]   5. cudaStreamSynchronize   : 2.56226 ms
[PROFILE]   6. cudaEventElapsedTime x5 : 0.00968 ms
[PROFILE]   GPU sum accounted           : 0.046112 ms
[PROFILE] Phase B wall time: 0.127932 ms
[PROFILE] Phase C: wait_d2h=1.988 ms, topk=0.043 ms, identify=0.024 ms, prepare=0.000 ms, cpu_refine=0.514 ms, combine=0.005 ms (total=2.586 ms, 320 docs)
[PROFILE] Total wall time for Phase A + B + C: 5.32449 ms
[SEARCH] Total wall-clock time: 6.03475 ms
[workspace][chimera] Growing compact doc capacity from 393216 to 524288 rows (required=468588)
[38.2851 s] label=r095_q2_run1 GPU search time for 6980 queries.
[SEARCH] End-to-end measured time: 38285.113 ms
[SEARCH] Average latency per query: 5.485 ms
[SEARCH] Throughput: 182.316 qps
[SEARCH] Query latency distribution (ms): min=3.980, p50=5.392, p90=6.084, p95=6.334, p99=8.414, max=12.518, stddev=0.658
Recall@100: 0.951858
Recall@10: 0.965774
[CONFIG] label=r095_q2_run2 nprobe=96 k_rank_cluster=3200 k_rank_all_tokens=320 itopk_size=160 overlap_chunks=6
[CONFIG] concurrent_queries=1 effective_concurrent_queries=1 stage3_threads=32
[PROFILE] Phase A (Data Preparation) wall: 2.61777 ms, GPU total: 0.047296 ms
[PROFILE]   1. Gather doc lengths      : 0.00512 ms (CPU launch: 0.005177 ms)
[PROFILE]   2. Prefix sum offsets      : 0.011264 ms (CPU launch: 0.012548 ms)
[PROFILE]   3. Gather clustered pos    : 0.012288 ms (CPU launch: 0.012041 ms)
[PROFILE]   4. D2H metadata + sync     : 0.018624 ms (CPU launch: 0.014593 ms)
[PROFILE]   5. cudaStreamSynchronize   : 2.55576 ms
[PROFILE]   6. cudaEventElapsedTime x5 : 0.011003 ms
[PROFILE]   GPU sum accounted           : 0.047296 ms
[PROFILE] Phase B wall time: 0.134694 ms
[PROFILE] Phase C: wait_d2h=1.739 ms, topk=0.057 ms, identify=0.022 ms, prepare=0.000 ms, cpu_refine=0.699 ms, combine=0.006 ms (total=2.533 ms, 320 docs)
[PROFILE] Total wall time for Phase A + B + C: 5.28562 ms
[SEARCH] Total wall-clock time: 6.01376 ms
[37.993 s] label=r095_q2_run2 GPU search time for 6980 queries.
[SEARCH] End-to-end measured time: 37993.010 ms
[SEARCH] Average latency per query: 5.443 ms
[SEARCH] Throughput: 183.718 qps
[SEARCH] Query latency distribution (ms): min=3.964, p50=5.367, p90=6.043, p95=6.287, p99=7.008, max=16.164, stddev=0.595
Recall@100: 0.951848
Recall@10: 0.965759
[CONFIG] label=r095_q2_run3 nprobe=96 k_rank_cluster=3200 k_rank_all_tokens=320 itopk_size=160 overlap_chunks=6
[CONFIG] concurrent_queries=1 effective_concurrent_queries=1 stage3_threads=32
[PROFILE] Phase A (Data Preparation) wall: 2.62619 ms, GPU total: 0.048224 ms
[PROFILE]   1. Gather doc lengths      : 0.006144 ms (CPU launch: 0.005454 ms)
[PROFILE]   2. Prefix sum offsets      : 0.011264 ms (CPU launch: 0.012573 ms)
[PROFILE]   3. Gather clustered pos    : 0.011264 ms (CPU launch: 0.004817 ms)
[PROFILE]   4. D2H metadata + sync     : 0.019552 ms (CPU launch: 0.016743 ms)
[PROFILE]   5. cudaStreamSynchronize   : 2.56978 ms
[PROFILE]   6. cudaEventElapsedTime x5 : 0.010068 ms
[PROFILE]   GPU sum accounted           : 0.048224 ms
[PROFILE] Phase B wall time: 0.129901 ms
[PROFILE] Phase C: wait_d2h=1.993 ms, topk=0.046 ms, identify=0.023 ms, prepare=0.000 ms, cpu_refine=0.446 ms, combine=0.006 ms (total=2.524 ms, 320 docs)
[PROFILE] Total wall time for Phase A + B + C: 5.28028 ms
[SEARCH] Total wall-clock time: 6.01356 ms
[37.835 s] label=r095_q2_run3 GPU search time for 6980 queries.
[SEARCH] End-to-end measured time: 37835.039 ms
[SEARCH] Average latency per query: 5.420 ms
[SEARCH] Throughput: 184.485 qps
[SEARCH] Query latency distribution (ms): min=3.969, p50=5.362, p90=6.024, p95=6.259, p99=6.800, max=13.887, stddev=0.502
Recall@100: 0.951885
Recall@10: 0.965774
[GPU_MEM] current=18057.38 MiB, peak=18057.38 MiB, total=32494.12 MiB, samples=49, peak_label=config_end:r095_q2_run3
